checking reagan-thesis.chapter1-introduction.tex
reagan-thesis.chapter1-introduction.tex:38 of
9:Prediction of the future state of many complex systems is integral to the functioning of our society.
20:The experiment is a thermal convection loop, which by design simplifies our problem into the prediction of mostly convection.
31:The importance of Bjerknes in early developments in NWP is clearly described by Thompson's ``Charney and the revival of NWP'' \shortcite{thompson1990}:
35:This was the first explicit, coherent, recognition that the future state of the atmosphere is, \emph{in principle}, completely determined by its detailed initial state and known boundary conditions, together with Newton's equations of motion, the Boyle-Charles-Dalton equation of state, the equation of mass continuity, and the thermodynamic energy equation.
56:By starting with models incorporating only what is thought to be the most important of the atmospheric influences, and by gradually bringing in the others, one is able to proceed inductively and thereby avoid the pitfalls inevitably encountered when a great many poorly understood factors are introduced all at onces.
67:This huge discrepancy was due mostly to the fact that his initial conditions were not balanced, and therefore included fast-moving gravity waves which masked the true climate signal.
88:The outlook for numerical forecasting would be indeed dismal if the quasi-geostrophic approximation represnted the upper limit of attainable accuracy, for it is known that it applies only indifferently, if at all, to many of the small-scale but meteorologically significant motions..
126:Observing various systems comes in many flavors: rawindsomes and satellite irradiance for the atmosphere, temperature and velocity reconstruction of experiments from simple sensors, or sampling the market in finance.
129:The difficulties of this process arise in many fashions, and are addressed by parameter adjustments of existing algorithms or new approaches altogether.
143:The final difficulty we need to address is the computational cost of the various algorithms.
154:For the atmosphere, we can make various approximations to simplify the problem to arrive at what are known of equations of Geophysical Fluid Dynamics, which differ mainly in the incorporation of the corilois effect and the neglecting of vertical components of advection.
179:Thermal convection loops are one of the few known experimental implementations of Lorenz's 1963 system of equations.
21:The dynammics of thermal convection loops have been explored under both periodic \shortcite{keller1966} and chaotic \shortcite{welander1967,creveling1975stability,gorman1984,gorman1986,ehrhard1990dynamical,yuen1999,jiang2003,burroughs2005reduced,desrayaud2006numerical,yang2006,ridouane2010} regimes.
26:Computational simulations of the thermal convection loop are performed with the open-source finite volume C++ library OpenFOAM.
27:The open-source nature of this software enable it's integration with the data assimilation algorithms that were verified with a reduced order model.
45:He [Richardson] proposed to integrate the equations of motion numerically and showed exactly how this might be done.
52:But with the increase in the density and extent of the surface and upper-air observational network on the one hand, and the development of large-capacity high-speed computing machines on the other, interest has revived in Richardson's problem, and attempts have been made to attack it anew.
54:These effots have been characterized by a devotion to objectives more limited than Richardson's.
55:Instead of attempting to deal with the atmosphere in all its complexity, one tries to be satisfied with simplified models approximating the actuals motions to a greater or lesser degree.
56:By starting with models incorporating only what is thought to be the most important of the atmospheric influences, and by gradually bringing in the others, one is able to proceed inductively and thereby avoid the pitfalls inevitably encountered when a great many poorly understood factors are introduced all at onces.
62:This conviction has served as the guiding principle in the work of the meteorology project at The Institute for Advanced Study [at Princeton University] with which the writer has been connected.
76:Early on, the problem of fast travelling waves from unbalanced IC was solved by filtering the equations of motion based on the quasi-geostrophic (slow time) balance.
77:Although this made running models feasible on the computers of WW2, the incorporation of the full equations proved necessary for more accurate forecasts to be made.
79:The first computer model forecast was performed as a one day forecast on the ENIAC (the Electronic Numerical Integrator and Computer) by none other than J. von Neuman \shortcite{charney1950}, at the Aberdeen US Army facility in Maryland.
82:Charney already saw the success of models with filtered equations of motion would not have enough accuracy and understood the difficulties that would be overcome in the next 50 years:
87:Yet there has been no intention to exclude the possibility that the primitive Eulerian equations can also be used for this purpose.
88:The outlook for numerical forecasting would be indeed dismal if the quasi-geostrophic approximation represnted the upper limit of attainable accuracy, for it is known that it applies only indifferently, if at all, to many of the small-scale but meteorologically significant motions..
89:We have merely indicated two obstacles that stand in the way of the applications of the primitive equations: first, there is the difficulty raised by Richardson that the horizontal divergence cannt be measured with significant accuracy.
91:And second, if the primitive Eulerian equations are employed, a stringent and seemingly artificial bound is imposed on the size of the time interval for the finite difference equations.
102:Nonadiabatic and frictional terms have been ignored in the body of the discussino because it was thought that one should first seek to determine how much of the motion could be explained without them.
103:Ultimately they will have to be taken into account, particularly if the forecast period is to be extended to three or more days.
106:Long-wave radiational effects can also be provided for, since our knowledge of the absorptive properties of water vapor and carbon dioxide has progressed to a point where quantitative estimates of radiational cooling can be made, although the presence of clouds will complicate the problem considerably.
109:A great deal of research remains to be don before enough is known about these effects to permit the assignment of even rough values to the eddy coefficients of viscocity and heat conduction.
111:But it seems certain that much progress can be made before these limits can be reached.
120:The purpose of data assimilation is defined by Talagrand \shortcite{talagrand1997assimilation} as ``using all the available information, to determine as accurately as possible the state of the atmospheric (or oceanic) flow.''
121:Broadly, data assimilation algorithms are used from areas as disparate as quadcopter stabilization \shortcite{achtelik2009visual} to finance (?).
124:Formally, the data assimilation problem is solved by minimizing the error in the presence of the above constraints.
129:The difficulties of this process arise in many fashions, and are addressed by parameter adjustments of existing algorithms or new approaches altogether.
133:In real applications, observations are made at timesteps that are not always in agreement with the analysis increment and can be made more frequently.
134:However the incorporation of more observations will not always improve forecasts: in the case where these observation can only be incorporated at the assimilation time the forecasts can degrade in quality \shortcite{kalnay20074}.
135:Algorithms which are capable of assimilating observations at the time they are made have a disctinct advantage in this respect.
145:The direct computation of the model covariance can be performed by integrating a linear tangent model which propogates errors in the model forward in time, but integrating this model amounts to $n^2$ model integrations where $n$ is the number of variables in the model.
152:Derived from Newton's law of motion, the basic equations governing flow of a viscous, heat-conducting fluid have been known since as early as 1823 \shortcite{navier} and in their current form since 1846 \shortcite{stokes}.
154:For the atmosphere, we can make various approximations to simplify the problem to arrive at what are known of equations of Geophysical Fluid Dynamics, which differ mainly in the incorporation of the corilois effect and the neglecting of vertical components of advection.
158:For this reason, the depth of exploration of available models is limited.
170:The schemes which OpenFOAM has available are known to be dissapative.
171:That is, small perturbations such as those from a random error perturbation to an ensemble member in the EnKF are damped away.
185:This regime can be described by the Lorenz 1963 system with the canonical parameter values listed in \ref{table:lorenz63params}.
checking reagan-thesis.chapter2-DA.tex
reagan-thesis.chapter2-DA.tex:217 that
32:As of yet, our best guess of $U_t$ would be the average $(U_1 + U_2)/2$, and for any hope of knowing $U_t$ well we would need many unbiased observations at the same time.
48:Of these, knowing the error variances (and in multiple dimensions, error covariance matrices) will become our focus and better solutions to determining this have been largely responsible for major improvements in forecast skill.
140:But, that is extremely messy (and costly), since recall the RK4 method had many nested function iterations.
170:    Additive and multiplicative covariance inflation is the same as Harris et. al., I've ran a few experiments to tune these, I should have my own tuning for every window length soon.    
231:The LETKF implements a strategy that becomes very important for large simulations.
12:The cannonical choice of $\sigma = 10, b = 8/3$ and $r = 28$ is used for all tests here, which produce the well known butterfly attractor (Figure \ref{fig:lorenzattractor}).
22:If the true state of $U$ is given by $U_t$, then the goal is to produce an anaylsis of $U_{1,2}$ which we call $U_a$, that is our best guess of $U_t$.
28:Next, assume that the errors vary around the truth, such that they are unbiased.
29:This is written as
36:and further assume that these errors are uncorrelated
69:The optimal weight $W$ is given by \ref{eq:analprec} then as
72:The analysis error variance and precision are defined as before, and for convience we can rewrite this in terms of $W$ as \shortcite{kalnay2003}:
80:It has been shown that 3D-var solves the same statistical problem as OI, but the usefulness of the variational (cost-function) approach comes from the computational efficiency.
105:The Kalman gain matrix is computed to minimize the analysis error covariance $P^a _i$ as
118:The dynamical system we are interested in, Lorenz '63, is given as a system of ODE's:
142:A schematic of this scenario is illustrated in Figure \ref{fig:TLMscheme}.
147:The computational cost of the EKF is mitigated through the approximation of the error covariance matrix $C_f$ from an ensemble of predictions.
150:One such approach is the use of a forecast ensemble, where a collection of models (ensemble members) are initialized from the prior analysis $x^a$ with random error.
158:    In all tests, as seen here, 10 ensemble members are used.
167:    The RMS error (unscaled by climatology) is reported for our EKF and EnKF filters, measured as the difference between forecast and truth at the end of an assimiliation window for the latter 2500 assimiliation windows in a 3000 assimilation window model run.
168:    Error is measured in the only observed variable, $x_1$.
179:    For near-perfect initial knowledge of the atmospheric state, the RMS error of a prediction using DA is compared against a prediction that does not.
181:    Observational noise is normally distributed with mean 0 and variance 0.5, and an assimilation window length of 0.261 is used (approximately 5\% of climatological variation).
182:    As would be expected, in the long run DA greatly improves forecast skill, as forecasts without DA saturate to climatological error.
188:Since this method is only an approximation, it often fails to capture the full spread of error, and so additive and multiplicative inflation factors are used to obtain a good estimate of the error covariance.
190:The only difference between this approach and the EKF, numerically, is that the forecast error covariance $P^f$ is computed from the ensemble members, without the need for a tangent linear model:
197:    The difference of ensemble forecasts from the analysis is reported for 760 assimilation windows in one model run of length 200, with 10 ensemble members and an assimilation window of length 0.261.
207:But this would underestimate the error covariance since the forecast we're comparing was used in the ensemble average (to obtain the mean forecast).
208:So here to computing the error covariance matrix for each forecast, that forecast itself is excluded from the ensemble average forecast.
217:In this filter, the analysis perturbations are assumed to be equal to the backgroud perturbations postmultiplied by a transformation matrix $\mathbf{T}$ so that that the analysis error covariance satisifies
221:The analysis covariance is written
232:Namely, the analysis is computed for each gridpoint using only local observations, without the need to build matrices that represent the entire analysis space.
235:Difficulties are presented however, in the form of computational grid dependence for the localization procedure.
258:The cannonical choice of $\sigma = 10, b = 8/3$ and $r = 28$ is used for all tests here, which produce the well known butterfly attractor (Figure \ref{fig:lorenzattractor}).
263:The formulation of 4D-Var aims to incorporate observations at the time they are observed.
265:The next generation supercomputers that will be used in numerical weather prediction will allow for increased model resolution, but the proper scaling of this computation with the number of processors.
271:In ensemble-variational hybrid approaches, benefits of flow dependent covariance estimates obtained from an ensemble method and the computational efficiency of interatively solving a cost function to obtain the analysis are combined.
272:An ensemble of forecasts is used to update the static error covariance $B$ in the formulation of 4D-Var (this could be done in 3D-Var as well) and one possible reformulation is to rewrite the cost function with error covariance $P^f$.
checking reagan-thesis.chapter3-CFD.tex
7:These three equations are given by
26:Specifically, a combined SIMPLE/PISO algorithm is used.
32:The proper inclusion of turbulent effects with calculated Raleigh number are important, and are modeled using LES (Large Eddy Simulation).
39:The 2D mesh contains 36000 points, and is imposed with fixed flux boundary conditions on the top and bottom of the loop.
40:This fixed flux boundary condition is implemented through the externalWallHeatFluxTemperature library, with some difficulty.
71:The Boussinesq approximation makes the assumption that density changes due to temperature differences are sufficiently small so that they can be neglected without affecting the flow, except when multiplied by gravity.
checking reagan-thesis.chapter4-looop.tex
8:Under certain conditions, thermal convection loops covect operate as non-mechanical heat pumps, making them useful in many applications.
4:The thermosyphon, a type of natural convection loop or non-mechanical heat pump, can be likened to a toy model of climate \shortcite{harris2011predicting}.
9:Thermosypons are used in solar hot water heaters \shortcite{belessiotis2002analytical}, cooling systems for computers \shortcite{beitelmal2002two}, roads and railways that cross permafrost \shortcite{cherry2006next}, nuclear power plants \shortcite{detman1968thermos,beine1992integrated,kwant1992prism}, and other industrial applications.
checking reagan-thesis.chapter5-results.tex
14:With the expected continuation of Moore's Law, however, this simulation may be possible in a few as 5 years (assuming a doubling of memory every 18 months, starting now with my 8GB lapop) on a laptop computer.
12:Observational network density also improves forecast accuracy, as would be expected, up to limit of the computational memory avaiable for computing large non-sparse covariance matrices.
24:The importance of maintaining balance in the model variables, originally dooming the efforts of Richardson, was taken into consideration.
checking reagan-thesis.chapter6-conclusion.tex
This is pdfTeX, Version 3.1415926-2.5-1.40.14 (TeX Live 2013)
 restricted \write18 enabled.
entering extended mode
(./reagan-thesis-main.tex
LaTeX2e <2011/06/27>
Babel <3.9f> and hyphenation patterns for 78 languages loaded.
(/usr/local/texlive/2013/texmf-dist/tex/latex/base/report.cls
Document Class: report 2007/10/19 v1.4h Standard LaTeX document class
(/usr/local/texlive/2013/texmf-dist/tex/latex/base/size10.clo)) (./thesis.sty
UVM Thesis Style, Version 0.1
Copyright (c) 2005 David Van Horn
Licensed under the Academic Free License version 2.0
Updated 2013 by Joshua Auerbach
(/usr/local/texlive/2013/texmf-dist/tex/latex/setspace/setspace.sty)
(./chicago.sty
Using Chicago Manual of Style bibliography: 31 August 1992
) (/usr/local/texlive/2013/texmf-dist/tex/latex/fancyhdr/fancyhdr.sty)
(/usr/local/texlive/2013/texmf-dist/tex/generic/oberdiek/ifpdf.sty)
(/usr/local/texlive/2013/texmf-dist/tex/latex/psnfss/times.sty))
(/usr/local/texlive/2013/texmf-dist/tex/latex/amsmath/amsmath.sty
For additional information on amsmath, use the `?' option.
(/usr/local/texlive/2013/texmf-dist/tex/latex/amsmath/amstext.sty
(/usr/local/texlive/2013/texmf-dist/tex/latex/amsmath/amsgen.sty))
(/usr/local/texlive/2013/texmf-dist/tex/latex/amsmath/amsbsy.sty)
(/usr/local/texlive/2013/texmf-dist/tex/latex/amsmath/amsopn.sty))
(/usr/local/texlive/2013/texmf-dist/tex/latex/url/url.sty)
(/usr/local/texlive/2013/texmf-dist/tex/latex/subfigure/subfigure.sty
****************************************
* Local config file subfigure.cfg used *
****************************************
(/usr/local/texlive/2013/texmf-dist/tex/latex/subfigure/subfigure.cfg))
(/usr/local/texlive/2013/texmf-dist/tex/latex/graphics/graphicx.sty
(/usr/local/texlive/2013/texmf-dist/tex/latex/graphics/keyval.sty)
(/usr/local/texlive/2013/texmf-dist/tex/latex/graphics/graphics.sty
(/usr/local/texlive/2013/texmf-dist/tex/latex/graphics/trig.sty)
(/usr/local/texlive/2013/texmf-dist/tex/latex/latexconfig/graphics.cfg)
(/usr/local/texlive/2013/texmf-dist/tex/latex/pdftex-def/pdftex.def
(/usr/local/texlive/2013/texmf-dist/tex/generic/oberdiek/infwarerr.sty)
(/usr/local/texlive/2013/texmf-dist/tex/generic/oberdiek/ltxcmds.sty))))
(/usr/local/texlive/2013/texmf-dist/tex/latex/multirow/multirow.sty)
(/usr/local/texlive/2013/texmf-dist/tex/latex/cite/chapterbib.sty)
(/usr/local/texlive/2013/texmf-dist/tex/latex/amsfonts/amssymb.sty
(/usr/local/texlive/2013/texmf-dist/tex/latex/amsfonts/amsfonts.sty))
(/usr/local/texlive/2013/texmf-dist/tex/latex/appendix/appendix.sty)
(/usr/local/texlive/2013/texmf-dist/tex/latex/titlesec/titlesec.sty)
(/usr/local/texlive/2013/texmf-dist/tex/latex/listings/listings.sty
(/usr/local/texlive/2013/texmf-dist/tex/latex/listings/lstmisc.sty)
(/usr/local/texlive/2013/texmf-dist/tex/latex/listings/listings.cfg))
(/usr/local/texlive/2013/texmf-dist/tex/latex/cite/cite.sty)
(/usr/local/texlive/2013/texmf-dist/tex/latex/tools/tabularx.sty
(/usr/local/texlive/2013/texmf-dist/tex/latex/tools/array.sty))
(/usr/local/texlive/2013/texmf-dist/tex/latex/currfile/currfile.sty
(/usr/local/texlive/2013/texmf-dist/tex/latex/oberdiek/kvoptions.sty
(/usr/local/texlive/2013/texmf-dist/tex/generic/oberdiek/kvsetkeys.sty
(/usr/local/texlive/2013/texmf-dist/tex/generic/oberdiek/etexcmds.sty
(/usr/local/texlive/2013/texmf-dist/tex/generic/oberdiek/ifluatex.sty))))
(/usr/local/texlive/2013/texmf-dist/tex/latex/filehook/filehook.sty))
(./reagan-thesis-main.settings.tex) (./reagan-thesis.title.tex)
(./reagan-thesis.committee.tex) (./reagan-thesis-main.aux

LaTeX Warning: Label `fig:EnKFhist' multiply defined.


LaTeX Warning: Label `fig:EnKFhist' multiply defined.


LaTeX Warning: Label `fig:EnKFhist' multiply defined.

) (/usr/local/texlive/2013/texmf-dist/tex/latex/psnfss/ot1ptm.fd)
(/usr/local/texlive/2013/texmf-dist/tex/context/base/supp-pdf.mkii
[Loading MPS to PDF converter (version 2006.09.02).]
) (/usr/local/texlive/2013/texmf-dist/tex/generic/oberdiek/pdftexcmds.sty)
(/usr/local/texlive/2013/texmf-dist/tex/latex/oberdiek/epstopdf-base.sty
(/usr/local/texlive/2013/texmf-dist/tex/latex/oberdiek/grfext.sty
(/usr/local/texlive/2013/texmf-dist/tex/generic/oberdiek/kvdefinekeys.sty))
(/usr/local/texlive/2013/texmf-dist/tex/latex/latexconfig/epstopdf-sys.cfg))
[1{/usr/local/texlive/2013/texmf-var/fonts/map/pdftex/updmap/pdftex.map}]
(/usr/local/texlive/2013/texmf-dist/tex/latex/amsfonts/umsa.fd)
(/usr/local/texlive/2013/texmf-dist/tex/latex/amsfonts/umsb.fd) [2]
(./reagan-thesis.abs.tex [1]) (./reagan-thesis.dedication.tex [2])
(./reagan-thesis.acknowledgements.tex [3]) (./reagan-thesis-main.toc [4])
[5] (./reagan-thesis-main.lof) [6] (./reagan-thesis-main.lot) [7]
(./reagan-thesis.chapter1-introduction.tex
Chapter 1.
[1] [2] [3] [4] [5] [6] [7] [8]) (./reagan-thesis.chapter2-DA.tex [9]
Chapter 2.

LaTeX Warning: Reference `fig:lorenzattractor' on page 10 undefined on input li
ne 12.

[10] [11] [12]

LaTeX Warning: Reference `eq:analprec' on page 13 undefined on input line 69.

[13] [14] <figures/TLM-explanation.pdf, id=86, 687.56876pt x 343.2825pt>
<use figures/TLM-explanation.pdf> [15 <./figures/TLM-explanation.pdf>]
<figures/EnKF_spaghetti.pdf, id=101, 516.93124pt x 424.58624pt>
<use figures/EnKF_spaghetti.pdf>
<figures/window_experiment_plot001.pdf, id=102, 476.78125pt x 392.46625pt>
<use figures/window_experiment_plot001.pdf>
<figures/DA_test_noname2.pdf, id=103, 478.78876pt x 386.44376pt>
<use figures/DA_test_noname2.pdf> [16 <./figures/EnKF_spaghetti.pdf>] [17 <./fi
gures/window_experiment_plot001.pdf> <./figures/DA_test_noname2.pdf>]
<figures/EnKF-histogram-analysis.pdf, id=141, 501.875pt x 412.54124pt>
<use figures/EnKF-histogram-analysis.pdf> [18 <./figures/EnKF-histogram-analysi
s.pdf>]

LaTeX Warning: `h' float specifier changed to `ht'.


LaTeX Warning: Reference `fig:lorenzattractor' on page 19 undefined on input li
ne 258.


LaTeX Warning: Citation `fisher' on page 19 undefined on input line 266.

[19]

LaTeX Warning: Citation `someone' on page 20 undefined on input line 275.

) (./reagan-thesis.chapter3-CFD.tex [20]
Chapter 3.
(/usr/local/texlive/2013/texmf-dist/tex/latex/psnfss/ot1pcr.fd)
Underfull \hbox (badness 10000) in paragraph at lines 20--21
[]\OT1/ptm/m/n/10 Follow: $\OT1/pcr/m/n/10 http : / / www . allstar . fiu . edu
 / aero / Flow2 . htm$ \OT1/ptm/m/n/10 and $\OT1/pcr/m/n/10 http : / / www .
[21] <figures/loop-screenshot.png, id=162, 534.99875pt x 401.5pt>
<use figures/loop-screenshot.png>
<figures/mesh.png, id=164, 665.48625pt x 355.3275pt> <use figures/mesh.png>)
(./reagan-thesis.chapter4-looop.tex [22] [23 <./figures/loop-screenshot.png> <.
/figures/mesh.png>]
Chapter 4.
<danforth.jpg, id=174, 501.875pt x 276.03125pt> <use danforth.jpg>)
(./reagan-thesis.chapter5-results.tex [24] [25 <./danforth.jpg>]
Chapter 5.
[26]) (./reagan-thesis.chapter6-conclusion.tex [27]
Chapter 6.
) (./reagan-thesis-main.bbl [28] [29] [30] [31]) (./reagan-thesis.appendix.tex
Appendix A.
[32]
Appendix B.
(../2013-05data-assimilation/OpenFOAM/OpenFOAM.m
(/usr/local/texlive/2013/texmf-dist/tex/latex/psnfss/omlptm.fd)
Overfull \hbox (22.38464pt too wide) in paragraph at lines 7--8
[][][][][][][][][][][][][][][][][][][][][][][][][][][][][][][] 
(/usr/local/texlive/2013/texmf-dist/tex/latex/psnfss/omsptm.fd)
Overfull \hbox (286.38733pt too wide) in paragraph at lines 17--18
[][][][][][][][][][][][][][][][][][][][][][][][][][][][][][][][][][][][][][][][
][][][][][][][][][][][][][][] 
[33]
Overfull \hbox (88.38531pt too wide) in paragraph at lines 21--22
[][][][][][][][][][][][][][][][][][][][][][][][][][][][] 
[34]
Overfull \hbox (100.38544pt too wide) in paragraph at lines 58--59
[][][][][][][][][][][][][][][][][][][][][][][][][][][][][] 

Overfull \hbox (100.38544pt too wide) in paragraph at lines 68--69
[][][][][][][][][][][][][][][][][][][][][][][][][][][][][] 
[35]
Overfull \hbox (778.39233pt too wide) in paragraph at lines 79--80
[][][][][][][][][][][][][][][][][][][][][][][][][][][][][][][][][][][][][][][][
][][][][][][][][][][][][][][][][][][][][][][][][][][] 

Overfull \hbox (334.38782pt too wide) in paragraph at lines 83--84
[][][][][][][][][][][][][][][][][][][][][][][][][][][][][][][][][][][][][][][][
][][][][][][][][][][][][][][][][][][][][][][][][][][][][] 

Overfull \hbox (250.38696pt too wide) in paragraph at lines 88--89
[][][][][][][][][][][][][][][][][][][][][][][][][][][][][][][] 

Overfull \hbox (460.3891pt too wide) in paragraph at lines 92--93
[][][][][][][][][][][][][][][][][][][][][][][][][][][][][][][][][][][][][][][][
][][][][][][][][][][][][][][][][][][][][][][][] 

Overfull \hbox (10.38452pt too wide) in paragraph at lines 95--96
[][][][][][][][][][][][][][][][][][][][][][][] 

Overfull \hbox (100.38544pt too wide) in paragraph at lines 97--98
[][][][][][][][][][][][][][][][][][][][][][][][][][][][][] 

Overfull \hbox (874.39331pt too wide) in paragraph at lines 102--103
[][][][][][][][][][][][][][][][][][][][][][][][][][][][][][][][][][][][][][][][
][][][][][][][][][][][][][][][][][][][][][][][][][][][][][][][][][][][][][][][]
[][][][][][][][][][][][][][][][][][][][][][][][][][][][][][][][][][][][][][][][
][][][][][] 
[36]
Overfull \hbox (34.38477pt too wide) in paragraph at lines 110--111
[][][][][][][][][][][][][][][][][][][][][][][] 

Overfull \hbox (28.3847pt too wide) in paragraph at lines 119--120
[][][][][][][][][][][][][][][][][][][][][][][][][][][] 

Overfull \hbox (70.38513pt too wide) in paragraph at lines 127--128
[][][][][][][][][][][][][][][][][][][][][][][][][][][] 
)) [37] (./reagan-thesis-main.aux)

LaTeX Warning: There were undefined references.


LaTeX Warning: There were multiply-defined labels.

 )
(see the transcript file for additional information){/usr/local/texlive/2013/te
xmf-dist/fonts/enc/dvips/base/8r.enc}</usr/local/texlive/2013/texmf-dist/fonts/
type1/public/amsfonts/cm/cmbx10.pfb></usr/local/texlive/2013/texmf-dist/fonts/t
ype1/public/amsfonts/cm/cmex10.pfb></usr/local/texlive/2013/texmf-dist/fonts/ty
pe1/public/amsfonts/cm/cmmi10.pfb></usr/local/texlive/2013/texmf-dist/fonts/typ
e1/public/amsfonts/cm/cmmi7.pfb></usr/local/texlive/2013/texmf-dist/fonts/type1
/public/amsfonts/cm/cmr10.pfb></usr/local/texlive/2013/texmf-dist/fonts/type1/p
ublic/amsfonts/cm/cmr5.pfb></usr/local/texlive/2013/texmf-dist/fonts/type1/publ
ic/amsfonts/cm/cmr7.pfb></usr/local/texlive/2013/texmf-dist/fonts/type1/public/
amsfonts/cm/cmsy10.pfb></usr/local/texlive/2013/texmf-dist/fonts/type1/public/a
msfonts/cm/cmsy7.pfb></usr/local/texlive/2013/texmf-dist/fonts/type1/urw/courie
r/ucrr8a.pfb></usr/local/texlive/2013/texmf-dist/fonts/type1/urw/times/utmb8a.p
fb></usr/local/texlive/2013/texmf-dist/fonts/type1/urw/times/utmr8a.pfb></usr/l
ocal/texlive/2013/texmf-dist/fonts/type1/urw/times/utmri8a.pfb>
Output written on reagan-thesis-main.pdf (46 pages, 386083 bytes).
Transcript written on reagan-thesis-main.log.
This is BibTeX, Version 0.99d (TeX Live 2013)
The top-level auxiliary file: reagan-thesis-main.aux
The style file: chicago.bst
Database file #1: example.bib
Database file #2: reagan-thesis.bib
I was expecting a `,' or a `}'---line 405 of file reagan-thesis.bib
 :   author={Keller, JB}
 :                      .
I'm skipping whatever remains of this entry
Warning--I didn't find a database entry for "fisher"
Warning--I didn't find a database entry for "someone"
Warning--no number and no volume in beitelmal2002two
Warning--page numbers missing in beitelmal2002two
Warning--no number and no volume in charney1950
Warning--no number and no volume in gandin1965
Warning--no volume for gorman1984
Warning--no volume for gorman1986
Warning--no number and no volume in harris2011predicting
Warning--page numbers missing in harris2011predicting
Warning--page numbers missing in weather-violence2013
Warning--no volume for jiang2003
Warning--empty year in keller1966
Warning--no journal in keller1966
Warning--no number and no volume in keller1966
Warning--page numbers missing in keller1966
Warning--no number and no volume in savely1972
Warning--page numbers missing in savely1972
Warning--empty publisher in stokes
Warning--no number and no volume in thompson1990
Warning--page numbers missing in welander1967
Warning--no volume for yuen1999
(There was 1 error message)
This is pdfTeX, Version 3.1415926-2.5-1.40.14 (TeX Live 2013)
 restricted \write18 enabled.
entering extended mode
(./reagan-thesis-main.tex
LaTeX2e <2011/06/27>
Babel <3.9f> and hyphenation patterns for 78 languages loaded.
(/usr/local/texlive/2013/texmf-dist/tex/latex/base/report.cls
Document Class: report 2007/10/19 v1.4h Standard LaTeX document class
(/usr/local/texlive/2013/texmf-dist/tex/latex/base/size10.clo)) (./thesis.sty
UVM Thesis Style, Version 0.1
Copyright (c) 2005 David Van Horn
Licensed under the Academic Free License version 2.0
Updated 2013 by Joshua Auerbach
(/usr/local/texlive/2013/texmf-dist/tex/latex/setspace/setspace.sty)
(./chicago.sty
Using Chicago Manual of Style bibliography: 31 August 1992
) (/usr/local/texlive/2013/texmf-dist/tex/latex/fancyhdr/fancyhdr.sty)
(/usr/local/texlive/2013/texmf-dist/tex/generic/oberdiek/ifpdf.sty)
(/usr/local/texlive/2013/texmf-dist/tex/latex/psnfss/times.sty))
(/usr/local/texlive/2013/texmf-dist/tex/latex/amsmath/amsmath.sty
For additional information on amsmath, use the `?' option.
(/usr/local/texlive/2013/texmf-dist/tex/latex/amsmath/amstext.sty
(/usr/local/texlive/2013/texmf-dist/tex/latex/amsmath/amsgen.sty))
(/usr/local/texlive/2013/texmf-dist/tex/latex/amsmath/amsbsy.sty)
(/usr/local/texlive/2013/texmf-dist/tex/latex/amsmath/amsopn.sty))
(/usr/local/texlive/2013/texmf-dist/tex/latex/url/url.sty)
(/usr/local/texlive/2013/texmf-dist/tex/latex/subfigure/subfigure.sty
****************************************
* Local config file subfigure.cfg used *
****************************************
(/usr/local/texlive/2013/texmf-dist/tex/latex/subfigure/subfigure.cfg))
(/usr/local/texlive/2013/texmf-dist/tex/latex/graphics/graphicx.sty
(/usr/local/texlive/2013/texmf-dist/tex/latex/graphics/keyval.sty)
(/usr/local/texlive/2013/texmf-dist/tex/latex/graphics/graphics.sty
(/usr/local/texlive/2013/texmf-dist/tex/latex/graphics/trig.sty)
(/usr/local/texlive/2013/texmf-dist/tex/latex/latexconfig/graphics.cfg)
(/usr/local/texlive/2013/texmf-dist/tex/latex/pdftex-def/pdftex.def
(/usr/local/texlive/2013/texmf-dist/tex/generic/oberdiek/infwarerr.sty)
(/usr/local/texlive/2013/texmf-dist/tex/generic/oberdiek/ltxcmds.sty))))
(/usr/local/texlive/2013/texmf-dist/tex/latex/multirow/multirow.sty)
(/usr/local/texlive/2013/texmf-dist/tex/latex/cite/chapterbib.sty)
(/usr/local/texlive/2013/texmf-dist/tex/latex/amsfonts/amssymb.sty
(/usr/local/texlive/2013/texmf-dist/tex/latex/amsfonts/amsfonts.sty))
(/usr/local/texlive/2013/texmf-dist/tex/latex/appendix/appendix.sty)
(/usr/local/texlive/2013/texmf-dist/tex/latex/titlesec/titlesec.sty)
(/usr/local/texlive/2013/texmf-dist/tex/latex/listings/listings.sty
(/usr/local/texlive/2013/texmf-dist/tex/latex/listings/lstmisc.sty)
(/usr/local/texlive/2013/texmf-dist/tex/latex/listings/listings.cfg))
(/usr/local/texlive/2013/texmf-dist/tex/latex/cite/cite.sty)
(/usr/local/texlive/2013/texmf-dist/tex/latex/tools/tabularx.sty
(/usr/local/texlive/2013/texmf-dist/tex/latex/tools/array.sty))
(/usr/local/texlive/2013/texmf-dist/tex/latex/currfile/currfile.sty
(/usr/local/texlive/2013/texmf-dist/tex/latex/oberdiek/kvoptions.sty
(/usr/local/texlive/2013/texmf-dist/tex/generic/oberdiek/kvsetkeys.sty
(/usr/local/texlive/2013/texmf-dist/tex/generic/oberdiek/etexcmds.sty
(/usr/local/texlive/2013/texmf-dist/tex/generic/oberdiek/ifluatex.sty))))
(/usr/local/texlive/2013/texmf-dist/tex/latex/filehook/filehook.sty))
(./reagan-thesis-main.settings.tex) (./reagan-thesis.title.tex)
(./reagan-thesis.committee.tex) (./reagan-thesis-main.aux

LaTeX Warning: Label `fig:EnKFhist' multiply defined.


LaTeX Warning: Label `fig:EnKFhist' multiply defined.


LaTeX Warning: Label `fig:EnKFhist' multiply defined.

) (/usr/local/texlive/2013/texmf-dist/tex/latex/psnfss/ot1ptm.fd)
(/usr/local/texlive/2013/texmf-dist/tex/context/base/supp-pdf.mkii
[Loading MPS to PDF converter (version 2006.09.02).]
) (/usr/local/texlive/2013/texmf-dist/tex/generic/oberdiek/pdftexcmds.sty)
(/usr/local/texlive/2013/texmf-dist/tex/latex/oberdiek/epstopdf-base.sty
(/usr/local/texlive/2013/texmf-dist/tex/latex/oberdiek/grfext.sty
(/usr/local/texlive/2013/texmf-dist/tex/generic/oberdiek/kvdefinekeys.sty))
(/usr/local/texlive/2013/texmf-dist/tex/latex/latexconfig/epstopdf-sys.cfg))
[1{/usr/local/texlive/2013/texmf-var/fonts/map/pdftex/updmap/pdftex.map}]
(/usr/local/texlive/2013/texmf-dist/tex/latex/amsfonts/umsa.fd)
(/usr/local/texlive/2013/texmf-dist/tex/latex/amsfonts/umsb.fd) [2]
(./reagan-thesis.abs.tex [1]) (./reagan-thesis.dedication.tex [2])
(./reagan-thesis.acknowledgements.tex [3]) (./reagan-thesis-main.toc [4])
[5] (./reagan-thesis-main.lof) [6] (./reagan-thesis-main.lot) [7]
(./reagan-thesis.chapter1-introduction.tex
Chapter 1.
[1] [2] [3] [4] [5] [6] [7] [8]) (./reagan-thesis.chapter2-DA.tex [9]
Chapter 2.

LaTeX Warning: Reference `fig:lorenzattractor' on page 10 undefined on input li
ne 12.

[10] [11] [12]

LaTeX Warning: Reference `eq:analprec' on page 13 undefined on input line 69.

[13] [14] <figures/TLM-explanation.pdf, id=86, 687.56876pt x 343.2825pt>
<use figures/TLM-explanation.pdf> [15 <./figures/TLM-explanation.pdf>]
<figures/EnKF_spaghetti.pdf, id=101, 516.93124pt x 424.58624pt>
<use figures/EnKF_spaghetti.pdf>
<figures/window_experiment_plot001.pdf, id=102, 476.78125pt x 392.46625pt>
<use figures/window_experiment_plot001.pdf>
<figures/DA_test_noname2.pdf, id=103, 478.78876pt x 386.44376pt>
<use figures/DA_test_noname2.pdf> [16 <./figures/EnKF_spaghetti.pdf>] [17 <./fi
gures/window_experiment_plot001.pdf> <./figures/DA_test_noname2.pdf>]
<figures/EnKF-histogram-analysis.pdf, id=141, 501.875pt x 412.54124pt>
<use figures/EnKF-histogram-analysis.pdf> [18 <./figures/EnKF-histogram-analysi
s.pdf>]

LaTeX Warning: `h' float specifier changed to `ht'.


LaTeX Warning: Reference `fig:lorenzattractor' on page 19 undefined on input li
ne 258.


LaTeX Warning: Citation `fisher' on page 19 undefined on input line 266.

[19]

LaTeX Warning: Citation `someone' on page 20 undefined on input line 275.

) (./reagan-thesis.chapter3-CFD.tex [20]
Chapter 3.
(/usr/local/texlive/2013/texmf-dist/tex/latex/psnfss/ot1pcr.fd)
Underfull \hbox (badness 10000) in paragraph at lines 20--21
[]\OT1/ptm/m/n/10 Follow: $\OT1/pcr/m/n/10 http : / / www . allstar . fiu . edu
 / aero / Flow2 . htm$ \OT1/ptm/m/n/10 and $\OT1/pcr/m/n/10 http : / / www .
[21] <figures/loop-screenshot.png, id=162, 534.99875pt x 401.5pt>
<use figures/loop-screenshot.png>
<figures/mesh.png, id=164, 665.48625pt x 355.3275pt> <use figures/mesh.png>)
(./reagan-thesis.chapter4-looop.tex [22] [23 <./figures/loop-screenshot.png> <.
/figures/mesh.png>]
Chapter 4.
<danforth.jpg, id=174, 501.875pt x 276.03125pt> <use danforth.jpg>)
(./reagan-thesis.chapter5-results.tex [24] [25 <./danforth.jpg>]
Chapter 5.
[26]) (./reagan-thesis.chapter6-conclusion.tex [27]
Chapter 6.
) (./reagan-thesis-main.bbl [28] [29] [30] [31]) (./reagan-thesis.appendix.tex
Appendix A.
[32]
Appendix B.
(../2013-05data-assimilation/OpenFOAM/OpenFOAM.m
(/usr/local/texlive/2013/texmf-dist/tex/latex/psnfss/omlptm.fd)
Overfull \hbox (22.38464pt too wide) in paragraph at lines 7--8
[][][][][][][][][][][][][][][][][][][][][][][][][][][][][][][] 
(/usr/local/texlive/2013/texmf-dist/tex/latex/psnfss/omsptm.fd)
Overfull \hbox (286.38733pt too wide) in paragraph at lines 17--18
[][][][][][][][][][][][][][][][][][][][][][][][][][][][][][][][][][][][][][][][
][][][][][][][][][][][][][][] 
[33]
Overfull \hbox (88.38531pt too wide) in paragraph at lines 21--22
[][][][][][][][][][][][][][][][][][][][][][][][][][][][] 
[34]
Overfull \hbox (100.38544pt too wide) in paragraph at lines 58--59
[][][][][][][][][][][][][][][][][][][][][][][][][][][][][] 

Overfull \hbox (100.38544pt too wide) in paragraph at lines 68--69
[][][][][][][][][][][][][][][][][][][][][][][][][][][][][] 
[35]
Overfull \hbox (778.39233pt too wide) in paragraph at lines 79--80
[][][][][][][][][][][][][][][][][][][][][][][][][][][][][][][][][][][][][][][][
][][][][][][][][][][][][][][][][][][][][][][][][][][] 

Overfull \hbox (334.38782pt too wide) in paragraph at lines 83--84
[][][][][][][][][][][][][][][][][][][][][][][][][][][][][][][][][][][][][][][][
][][][][][][][][][][][][][][][][][][][][][][][][][][][][] 

Overfull \hbox (250.38696pt too wide) in paragraph at lines 88--89
[][][][][][][][][][][][][][][][][][][][][][][][][][][][][][][] 

Overfull \hbox (460.3891pt too wide) in paragraph at lines 92--93
[][][][][][][][][][][][][][][][][][][][][][][][][][][][][][][][][][][][][][][][
][][][][][][][][][][][][][][][][][][][][][][][] 

Overfull \hbox (10.38452pt too wide) in paragraph at lines 95--96
[][][][][][][][][][][][][][][][][][][][][][][] 

Overfull \hbox (100.38544pt too wide) in paragraph at lines 97--98
[][][][][][][][][][][][][][][][][][][][][][][][][][][][][] 

Overfull \hbox (874.39331pt too wide) in paragraph at lines 102--103
[][][][][][][][][][][][][][][][][][][][][][][][][][][][][][][][][][][][][][][][
][][][][][][][][][][][][][][][][][][][][][][][][][][][][][][][][][][][][][][][]
[][][][][][][][][][][][][][][][][][][][][][][][][][][][][][][][][][][][][][][][
][][][][][] 
[36]
Overfull \hbox (34.38477pt too wide) in paragraph at lines 110--111
[][][][][][][][][][][][][][][][][][][][][][][] 

Overfull \hbox (28.3847pt too wide) in paragraph at lines 119--120
[][][][][][][][][][][][][][][][][][][][][][][][][][][] 

Overfull \hbox (70.38513pt too wide) in paragraph at lines 127--128
[][][][][][][][][][][][][][][][][][][][][][][][][][][] 
)) [37] (./reagan-thesis-main.aux)

LaTeX Warning: There were undefined references.


LaTeX Warning: There were multiply-defined labels.

 )
(see the transcript file for additional information){/usr/local/texlive/2013/te
xmf-dist/fonts/enc/dvips/base/8r.enc}</usr/local/texlive/2013/texmf-dist/fonts/
type1/public/amsfonts/cm/cmbx10.pfb></usr/local/texlive/2013/texmf-dist/fonts/t
ype1/public/amsfonts/cm/cmex10.pfb></usr/local/texlive/2013/texmf-dist/fonts/ty
pe1/public/amsfonts/cm/cmmi10.pfb></usr/local/texlive/2013/texmf-dist/fonts/typ
e1/public/amsfonts/cm/cmmi7.pfb></usr/local/texlive/2013/texmf-dist/fonts/type1
/public/amsfonts/cm/cmr10.pfb></usr/local/texlive/2013/texmf-dist/fonts/type1/p
ublic/amsfonts/cm/cmr5.pfb></usr/local/texlive/2013/texmf-dist/fonts/type1/publ
ic/amsfonts/cm/cmr7.pfb></usr/local/texlive/2013/texmf-dist/fonts/type1/public/
amsfonts/cm/cmsy10.pfb></usr/local/texlive/2013/texmf-dist/fonts/type1/public/a
msfonts/cm/cmsy7.pfb></usr/local/texlive/2013/texmf-dist/fonts/type1/urw/courie
r/ucrr8a.pfb></usr/local/texlive/2013/texmf-dist/fonts/type1/urw/times/utmb8a.p
fb></usr/local/texlive/2013/texmf-dist/fonts/type1/urw/times/utmr8a.pfb></usr/l
ocal/texlive/2013/texmf-dist/fonts/type1/urw/times/utmri8a.pfb>
Output written on reagan-thesis-main.pdf (46 pages, 386083 bytes).
Transcript written on reagan-thesis-main.log.
This is pdfTeX, Version 3.1415926-2.5-1.40.14 (TeX Live 2013)
 restricted \write18 enabled.
entering extended mode
(./reagan-thesis-main.tex
LaTeX2e <2011/06/27>
Babel <3.9f> and hyphenation patterns for 78 languages loaded.
(/usr/local/texlive/2013/texmf-dist/tex/latex/base/report.cls
Document Class: report 2007/10/19 v1.4h Standard LaTeX document class
(/usr/local/texlive/2013/texmf-dist/tex/latex/base/size10.clo)) (./thesis.sty
UVM Thesis Style, Version 0.1
Copyright (c) 2005 David Van Horn
Licensed under the Academic Free License version 2.0
Updated 2013 by Joshua Auerbach
(/usr/local/texlive/2013/texmf-dist/tex/latex/setspace/setspace.sty)
(./chicago.sty
Using Chicago Manual of Style bibliography: 31 August 1992
) (/usr/local/texlive/2013/texmf-dist/tex/latex/fancyhdr/fancyhdr.sty)
(/usr/local/texlive/2013/texmf-dist/tex/generic/oberdiek/ifpdf.sty)
(/usr/local/texlive/2013/texmf-dist/tex/latex/psnfss/times.sty))
(/usr/local/texlive/2013/texmf-dist/tex/latex/amsmath/amsmath.sty
For additional information on amsmath, use the `?' option.
(/usr/local/texlive/2013/texmf-dist/tex/latex/amsmath/amstext.sty
(/usr/local/texlive/2013/texmf-dist/tex/latex/amsmath/amsgen.sty))
(/usr/local/texlive/2013/texmf-dist/tex/latex/amsmath/amsbsy.sty)
(/usr/local/texlive/2013/texmf-dist/tex/latex/amsmath/amsopn.sty))
(/usr/local/texlive/2013/texmf-dist/tex/latex/url/url.sty)
(/usr/local/texlive/2013/texmf-dist/tex/latex/subfigure/subfigure.sty
****************************************
* Local config file subfigure.cfg used *
****************************************
(/usr/local/texlive/2013/texmf-dist/tex/latex/subfigure/subfigure.cfg))
(/usr/local/texlive/2013/texmf-dist/tex/latex/graphics/graphicx.sty
(/usr/local/texlive/2013/texmf-dist/tex/latex/graphics/keyval.sty)
(/usr/local/texlive/2013/texmf-dist/tex/latex/graphics/graphics.sty
(/usr/local/texlive/2013/texmf-dist/tex/latex/graphics/trig.sty)
(/usr/local/texlive/2013/texmf-dist/tex/latex/latexconfig/graphics.cfg)
(/usr/local/texlive/2013/texmf-dist/tex/latex/pdftex-def/pdftex.def
(/usr/local/texlive/2013/texmf-dist/tex/generic/oberdiek/infwarerr.sty)
(/usr/local/texlive/2013/texmf-dist/tex/generic/oberdiek/ltxcmds.sty))))
(/usr/local/texlive/2013/texmf-dist/tex/latex/multirow/multirow.sty)
(/usr/local/texlive/2013/texmf-dist/tex/latex/cite/chapterbib.sty)
(/usr/local/texlive/2013/texmf-dist/tex/latex/amsfonts/amssymb.sty
(/usr/local/texlive/2013/texmf-dist/tex/latex/amsfonts/amsfonts.sty))
(/usr/local/texlive/2013/texmf-dist/tex/latex/appendix/appendix.sty)
(/usr/local/texlive/2013/texmf-dist/tex/latex/titlesec/titlesec.sty)
(/usr/local/texlive/2013/texmf-dist/tex/latex/listings/listings.sty
(/usr/local/texlive/2013/texmf-dist/tex/latex/listings/lstmisc.sty)
(/usr/local/texlive/2013/texmf-dist/tex/latex/listings/listings.cfg))
(/usr/local/texlive/2013/texmf-dist/tex/latex/cite/cite.sty)
(/usr/local/texlive/2013/texmf-dist/tex/latex/tools/tabularx.sty
(/usr/local/texlive/2013/texmf-dist/tex/latex/tools/array.sty))
(/usr/local/texlive/2013/texmf-dist/tex/latex/currfile/currfile.sty
(/usr/local/texlive/2013/texmf-dist/tex/latex/oberdiek/kvoptions.sty
(/usr/local/texlive/2013/texmf-dist/tex/generic/oberdiek/kvsetkeys.sty
(/usr/local/texlive/2013/texmf-dist/tex/generic/oberdiek/etexcmds.sty
(/usr/local/texlive/2013/texmf-dist/tex/generic/oberdiek/ifluatex.sty))))
(/usr/local/texlive/2013/texmf-dist/tex/latex/filehook/filehook.sty))
(./reagan-thesis-main.settings.tex) (./reagan-thesis.title.tex)
(./reagan-thesis.committee.tex) (./reagan-thesis-main.aux

LaTeX Warning: Label `fig:EnKFhist' multiply defined.


LaTeX Warning: Label `fig:EnKFhist' multiply defined.


LaTeX Warning: Label `fig:EnKFhist' multiply defined.

) (/usr/local/texlive/2013/texmf-dist/tex/latex/psnfss/ot1ptm.fd)
(/usr/local/texlive/2013/texmf-dist/tex/context/base/supp-pdf.mkii
[Loading MPS to PDF converter (version 2006.09.02).]
) (/usr/local/texlive/2013/texmf-dist/tex/generic/oberdiek/pdftexcmds.sty)
(/usr/local/texlive/2013/texmf-dist/tex/latex/oberdiek/epstopdf-base.sty
(/usr/local/texlive/2013/texmf-dist/tex/latex/oberdiek/grfext.sty
(/usr/local/texlive/2013/texmf-dist/tex/generic/oberdiek/kvdefinekeys.sty))
(/usr/local/texlive/2013/texmf-dist/tex/latex/latexconfig/epstopdf-sys.cfg))
[1{/usr/local/texlive/2013/texmf-var/fonts/map/pdftex/updmap/pdftex.map}]
(/usr/local/texlive/2013/texmf-dist/tex/latex/amsfonts/umsa.fd)
(/usr/local/texlive/2013/texmf-dist/tex/latex/amsfonts/umsb.fd) [2]
(./reagan-thesis.abs.tex [1]) (./reagan-thesis.dedication.tex [2])
(./reagan-thesis.acknowledgements.tex [3]) (./reagan-thesis-main.toc [4])
[5] (./reagan-thesis-main.lof) [6] (./reagan-thesis-main.lot) [7]
(./reagan-thesis.chapter1-introduction.tex
Chapter 1.
[1] [2] [3] [4] [5] [6] [7] [8]) (./reagan-thesis.chapter2-DA.tex [9]
Chapter 2.

LaTeX Warning: Reference `fig:lorenzattractor' on page 10 undefined on input li
ne 12.

[10] [11] [12]

LaTeX Warning: Reference `eq:analprec' on page 13 undefined on input line 69.

[13] [14] <figures/TLM-explanation.pdf, id=86, 687.56876pt x 343.2825pt>
<use figures/TLM-explanation.pdf> [15 <./figures/TLM-explanation.pdf>]
<figures/EnKF_spaghetti.pdf, id=101, 516.93124pt x 424.58624pt>
<use figures/EnKF_spaghetti.pdf>
<figures/window_experiment_plot001.pdf, id=102, 476.78125pt x 392.46625pt>
<use figures/window_experiment_plot001.pdf>
<figures/DA_test_noname2.pdf, id=103, 478.78876pt x 386.44376pt>
<use figures/DA_test_noname2.pdf> [16 <./figures/EnKF_spaghetti.pdf>] [17 <./fi
gures/window_experiment_plot001.pdf> <./figures/DA_test_noname2.pdf>]
<figures/EnKF-histogram-analysis.pdf, id=141, 501.875pt x 412.54124pt>
<use figures/EnKF-histogram-analysis.pdf> [18 <./figures/EnKF-histogram-analysi
s.pdf>]

LaTeX Warning: `h' float specifier changed to `ht'.


LaTeX Warning: Reference `fig:lorenzattractor' on page 19 undefined on input li
ne 258.


LaTeX Warning: Citation `fisher' on page 19 undefined on input line 266.

[19]

LaTeX Warning: Citation `someone' on page 20 undefined on input line 275.

) (./reagan-thesis.chapter3-CFD.tex [20]
Chapter 3.
(/usr/local/texlive/2013/texmf-dist/tex/latex/psnfss/ot1pcr.fd)
Underfull \hbox (badness 10000) in paragraph at lines 20--21
[]\OT1/ptm/m/n/10 Follow: $\OT1/pcr/m/n/10 http : / / www . allstar . fiu . edu
 / aero / Flow2 . htm$ \OT1/ptm/m/n/10 and $\OT1/pcr/m/n/10 http : / / www .
[21] <figures/loop-screenshot.png, id=162, 534.99875pt x 401.5pt>
<use figures/loop-screenshot.png>
<figures/mesh.png, id=164, 665.48625pt x 355.3275pt> <use figures/mesh.png>)
(./reagan-thesis.chapter4-looop.tex [22] [23 <./figures/loop-screenshot.png> <.
/figures/mesh.png>]
Chapter 4.
<danforth.jpg, id=174, 501.875pt x 276.03125pt> <use danforth.jpg>)
(./reagan-thesis.chapter5-results.tex [24] [25 <./danforth.jpg>]
Chapter 5.
[26]) (./reagan-thesis.chapter6-conclusion.tex [27]
Chapter 6.
) (./reagan-thesis-main.bbl [28] [29] [30] [31]) (./reagan-thesis.appendix.tex
Appendix A.
[32]
Appendix B.
(../2013-05data-assimilation/OpenFOAM/OpenFOAM.m
(/usr/local/texlive/2013/texmf-dist/tex/latex/psnfss/omlptm.fd)
Overfull \hbox (22.38464pt too wide) in paragraph at lines 7--8
[][][][][][][][][][][][][][][][][][][][][][][][][][][][][][][] 
(/usr/local/texlive/2013/texmf-dist/tex/latex/psnfss/omsptm.fd)
Overfull \hbox (286.38733pt too wide) in paragraph at lines 17--18
[][][][][][][][][][][][][][][][][][][][][][][][][][][][][][][][][][][][][][][][
][][][][][][][][][][][][][][] 
[33]
Overfull \hbox (88.38531pt too wide) in paragraph at lines 21--22
[][][][][][][][][][][][][][][][][][][][][][][][][][][][] 
[34]
Overfull \hbox (100.38544pt too wide) in paragraph at lines 58--59
[][][][][][][][][][][][][][][][][][][][][][][][][][][][][] 

Overfull \hbox (100.38544pt too wide) in paragraph at lines 68--69
[][][][][][][][][][][][][][][][][][][][][][][][][][][][][] 
[35]
Overfull \hbox (778.39233pt too wide) in paragraph at lines 79--80
[][][][][][][][][][][][][][][][][][][][][][][][][][][][][][][][][][][][][][][][
][][][][][][][][][][][][][][][][][][][][][][][][][][] 

Overfull \hbox (334.38782pt too wide) in paragraph at lines 83--84
[][][][][][][][][][][][][][][][][][][][][][][][][][][][][][][][][][][][][][][][
][][][][][][][][][][][][][][][][][][][][][][][][][][][][] 

Overfull \hbox (250.38696pt too wide) in paragraph at lines 88--89
[][][][][][][][][][][][][][][][][][][][][][][][][][][][][][][] 

Overfull \hbox (460.3891pt too wide) in paragraph at lines 92--93
[][][][][][][][][][][][][][][][][][][][][][][][][][][][][][][][][][][][][][][][
][][][][][][][][][][][][][][][][][][][][][][][] 

Overfull \hbox (10.38452pt too wide) in paragraph at lines 95--96
[][][][][][][][][][][][][][][][][][][][][][][] 

Overfull \hbox (100.38544pt too wide) in paragraph at lines 97--98
[][][][][][][][][][][][][][][][][][][][][][][][][][][][][] 

Overfull \hbox (874.39331pt too wide) in paragraph at lines 102--103
[][][][][][][][][][][][][][][][][][][][][][][][][][][][][][][][][][][][][][][][
][][][][][][][][][][][][][][][][][][][][][][][][][][][][][][][][][][][][][][][]
[][][][][][][][][][][][][][][][][][][][][][][][][][][][][][][][][][][][][][][][
][][][][][] 
[36]
Overfull \hbox (34.38477pt too wide) in paragraph at lines 110--111
[][][][][][][][][][][][][][][][][][][][][][][] 

Overfull \hbox (28.3847pt too wide) in paragraph at lines 119--120
[][][][][][][][][][][][][][][][][][][][][][][][][][][] 

Overfull \hbox (70.38513pt too wide) in paragraph at lines 127--128
[][][][][][][][][][][][][][][][][][][][][][][][][][][] 
)) [37] (./reagan-thesis-main.aux)

LaTeX Warning: There were undefined references.


LaTeX Warning: There were multiply-defined labels.

 )
(see the transcript file for additional information){/usr/local/texlive/2013/te
xmf-dist/fonts/enc/dvips/base/8r.enc}</usr/local/texlive/2013/texmf-dist/fonts/
type1/public/amsfonts/cm/cmbx10.pfb></usr/local/texlive/2013/texmf-dist/fonts/t
ype1/public/amsfonts/cm/cmex10.pfb></usr/local/texlive/2013/texmf-dist/fonts/ty
pe1/public/amsfonts/cm/cmmi10.pfb></usr/local/texlive/2013/texmf-dist/fonts/typ
e1/public/amsfonts/cm/cmmi7.pfb></usr/local/texlive/2013/texmf-dist/fonts/type1
/public/amsfonts/cm/cmr10.pfb></usr/local/texlive/2013/texmf-dist/fonts/type1/p
ublic/amsfonts/cm/cmr5.pfb></usr/local/texlive/2013/texmf-dist/fonts/type1/publ
ic/amsfonts/cm/cmr7.pfb></usr/local/texlive/2013/texmf-dist/fonts/type1/public/
amsfonts/cm/cmsy10.pfb></usr/local/texlive/2013/texmf-dist/fonts/type1/public/a
msfonts/cm/cmsy7.pfb></usr/local/texlive/2013/texmf-dist/fonts/type1/urw/courie
r/ucrr8a.pfb></usr/local/texlive/2013/texmf-dist/fonts/type1/urw/times/utmb8a.p
fb></usr/local/texlive/2013/texmf-dist/fonts/type1/urw/times/utmr8a.pfb></usr/l
ocal/texlive/2013/texmf-dist/fonts/type1/urw/times/utmri8a.pfb>
Output written on reagan-thesis-main.pdf (46 pages, 386083 bytes).
Transcript written on reagan-thesis-main.log.
This is pdfTeX, Version 3.1415926-2.5-1.40.14 (TeX Live 2013)
 restricted \write18 enabled.
entering extended mode
(./reagan-thesis-main.tex
LaTeX2e <2011/06/27>
Babel <3.9f> and hyphenation patterns for 78 languages loaded.
(/usr/local/texlive/2013/texmf-dist/tex/latex/base/report.cls
Document Class: report 2007/10/19 v1.4h Standard LaTeX document class
(/usr/local/texlive/2013/texmf-dist/tex/latex/base/size10.clo)) (./thesis.sty
UVM Thesis Style, Version 0.1
Copyright (c) 2005 David Van Horn
Licensed under the Academic Free License version 2.0
Updated 2013 by Joshua Auerbach
(/usr/local/texlive/2013/texmf-dist/tex/latex/setspace/setspace.sty)
(./chicago.sty
Using Chicago Manual of Style bibliography: 31 August 1992
) (/usr/local/texlive/2013/texmf-dist/tex/latex/fancyhdr/fancyhdr.sty)
(/usr/local/texlive/2013/texmf-dist/tex/generic/oberdiek/ifpdf.sty)
(/usr/local/texlive/2013/texmf-dist/tex/latex/psnfss/times.sty))
(/usr/local/texlive/2013/texmf-dist/tex/latex/amsmath/amsmath.sty
For additional information on amsmath, use the `?' option.
(/usr/local/texlive/2013/texmf-dist/tex/latex/amsmath/amstext.sty
(/usr/local/texlive/2013/texmf-dist/tex/latex/amsmath/amsgen.sty))
(/usr/local/texlive/2013/texmf-dist/tex/latex/amsmath/amsbsy.sty)
(/usr/local/texlive/2013/texmf-dist/tex/latex/amsmath/amsopn.sty))
(/usr/local/texlive/2013/texmf-dist/tex/latex/url/url.sty)
(/usr/local/texlive/2013/texmf-dist/tex/latex/subfigure/subfigure.sty
****************************************
* Local config file subfigure.cfg used *
****************************************
(/usr/local/texlive/2013/texmf-dist/tex/latex/subfigure/subfigure.cfg))
(/usr/local/texlive/2013/texmf-dist/tex/latex/graphics/graphicx.sty
(/usr/local/texlive/2013/texmf-dist/tex/latex/graphics/keyval.sty)
(/usr/local/texlive/2013/texmf-dist/tex/latex/graphics/graphics.sty
(/usr/local/texlive/2013/texmf-dist/tex/latex/graphics/trig.sty)
(/usr/local/texlive/2013/texmf-dist/tex/latex/latexconfig/graphics.cfg)
(/usr/local/texlive/2013/texmf-dist/tex/latex/pdftex-def/pdftex.def
(/usr/local/texlive/2013/texmf-dist/tex/generic/oberdiek/infwarerr.sty)
(/usr/local/texlive/2013/texmf-dist/tex/generic/oberdiek/ltxcmds.sty))))
(/usr/local/texlive/2013/texmf-dist/tex/latex/multirow/multirow.sty)
(/usr/local/texlive/2013/texmf-dist/tex/latex/cite/chapterbib.sty)
(/usr/local/texlive/2013/texmf-dist/tex/latex/amsfonts/amssymb.sty
(/usr/local/texlive/2013/texmf-dist/tex/latex/amsfonts/amsfonts.sty))
(/usr/local/texlive/2013/texmf-dist/tex/latex/appendix/appendix.sty)
(/usr/local/texlive/2013/texmf-dist/tex/latex/titlesec/titlesec.sty)
(/usr/local/texlive/2013/texmf-dist/tex/latex/listings/listings.sty
(/usr/local/texlive/2013/texmf-dist/tex/latex/listings/lstmisc.sty)
(/usr/local/texlive/2013/texmf-dist/tex/latex/listings/listings.cfg))
(/usr/local/texlive/2013/texmf-dist/tex/latex/cite/cite.sty)
(/usr/local/texlive/2013/texmf-dist/tex/latex/tools/tabularx.sty
(/usr/local/texlive/2013/texmf-dist/tex/latex/tools/array.sty))
(/usr/local/texlive/2013/texmf-dist/tex/latex/currfile/currfile.sty
(/usr/local/texlive/2013/texmf-dist/tex/latex/oberdiek/kvoptions.sty
(/usr/local/texlive/2013/texmf-dist/tex/generic/oberdiek/kvsetkeys.sty
(/usr/local/texlive/2013/texmf-dist/tex/generic/oberdiek/etexcmds.sty
(/usr/local/texlive/2013/texmf-dist/tex/generic/oberdiek/ifluatex.sty))))
(/usr/local/texlive/2013/texmf-dist/tex/latex/filehook/filehook.sty))
(./reagan-thesis-main.settings.tex) (./reagan-thesis.title.tex)
(./reagan-thesis.committee.tex) (./reagan-thesis-main.aux

LaTeX Warning: Label `fig:EnKFhist' multiply defined.


LaTeX Warning: Label `fig:EnKFhist' multiply defined.


LaTeX Warning: Label `fig:EnKFhist' multiply defined.

) (/usr/local/texlive/2013/texmf-dist/tex/latex/psnfss/ot1ptm.fd)
(/usr/local/texlive/2013/texmf-dist/tex/context/base/supp-pdf.mkii
[Loading MPS to PDF converter (version 2006.09.02).]
) (/usr/local/texlive/2013/texmf-dist/tex/generic/oberdiek/pdftexcmds.sty)
(/usr/local/texlive/2013/texmf-dist/tex/latex/oberdiek/epstopdf-base.sty
(/usr/local/texlive/2013/texmf-dist/tex/latex/oberdiek/grfext.sty
(/usr/local/texlive/2013/texmf-dist/tex/generic/oberdiek/kvdefinekeys.sty))
(/usr/local/texlive/2013/texmf-dist/tex/latex/latexconfig/epstopdf-sys.cfg))
[1{/usr/local/texlive/2013/texmf-var/fonts/map/pdftex/updmap/pdftex.map}]
(/usr/local/texlive/2013/texmf-dist/tex/latex/amsfonts/umsa.fd)
(/usr/local/texlive/2013/texmf-dist/tex/latex/amsfonts/umsb.fd) [2]
(./reagan-thesis.abs.tex [1]) (./reagan-thesis.dedication.tex [2])
(./reagan-thesis.acknowledgements.tex [3]) (./reagan-thesis-main.toc [4])
[5] (./reagan-thesis-main.lof) [6] (./reagan-thesis-main.lot) [7]
(./reagan-thesis.chapter1-introduction.tex
Chapter 1.
[1] [2] [3] [4] [5] [6] [7] [8]) (./reagan-thesis.chapter2-DA.tex [9]
Chapter 2.

LaTeX Warning: Reference `fig:lorenzattractor' on page 10 undefined on input li
ne 12.

[10] [11] [12]

LaTeX Warning: Reference `eq:analprec' on page 13 undefined on input line 69.

[13] [14] <figures/TLM-explanation.pdf, id=86, 687.56876pt x 343.2825pt>
<use figures/TLM-explanation.pdf> [15 <./figures/TLM-explanation.pdf>]
<figures/EnKF_spaghetti.pdf, id=101, 516.93124pt x 424.58624pt>
<use figures/EnKF_spaghetti.pdf>
<figures/window_experiment_plot001.pdf, id=102, 476.78125pt x 392.46625pt>
<use figures/window_experiment_plot001.pdf>
<figures/DA_test_noname2.pdf, id=103, 478.78876pt x 386.44376pt>
<use figures/DA_test_noname2.pdf> [16 <./figures/EnKF_spaghetti.pdf>] [17 <./fi
gures/window_experiment_plot001.pdf> <./figures/DA_test_noname2.pdf>]
<figures/EnKF-histogram-analysis.pdf, id=141, 501.875pt x 412.54124pt>
<use figures/EnKF-histogram-analysis.pdf> [18 <./figures/EnKF-histogram-analysi
s.pdf>]

LaTeX Warning: `h' float specifier changed to `ht'.


LaTeX Warning: Reference `fig:lorenzattractor' on page 19 undefined on input li
ne 258.


LaTeX Warning: Citation `fisher' on page 19 undefined on input line 266.

[19]

LaTeX Warning: Citation `someone' on page 20 undefined on input line 275.

) (./reagan-thesis.chapter3-CFD.tex [20]
Chapter 3.
(/usr/local/texlive/2013/texmf-dist/tex/latex/psnfss/ot1pcr.fd)
Underfull \hbox (badness 10000) in paragraph at lines 20--21
[]\OT1/ptm/m/n/10 Follow: $\OT1/pcr/m/n/10 http : / / www . allstar . fiu . edu
 / aero / Flow2 . htm$ \OT1/ptm/m/n/10 and $\OT1/pcr/m/n/10 http : / / www .
[21] <figures/loop-screenshot.png, id=162, 534.99875pt x 401.5pt>
<use figures/loop-screenshot.png>
<figures/mesh.png, id=164, 665.48625pt x 355.3275pt> <use figures/mesh.png>)
(./reagan-thesis.chapter4-looop.tex [22] [23 <./figures/loop-screenshot.png> <.
/figures/mesh.png>]
Chapter 4.
<danforth.jpg, id=174, 501.875pt x 276.03125pt> <use danforth.jpg>)
(./reagan-thesis.chapter5-results.tex [24] [25 <./danforth.jpg>]
Chapter 5.
[26]) (./reagan-thesis.chapter6-conclusion.tex [27]
Chapter 6.
) (./reagan-thesis-main.bbl [28] [29] [30] [31]) (./reagan-thesis.appendix.tex
Appendix A.
[32]
Appendix B.
(../2013-05data-assimilation/OpenFOAM/OpenFOAM.m
(/usr/local/texlive/2013/texmf-dist/tex/latex/psnfss/omlptm.fd)
Overfull \hbox (22.38464pt too wide) in paragraph at lines 7--8
[][][][][][][][][][][][][][][][][][][][][][][][][][][][][][][] 
(/usr/local/texlive/2013/texmf-dist/tex/latex/psnfss/omsptm.fd)
Overfull \hbox (286.38733pt too wide) in paragraph at lines 17--18
[][][][][][][][][][][][][][][][][][][][][][][][][][][][][][][][][][][][][][][][
][][][][][][][][][][][][][][] 
[33]
Overfull \hbox (88.38531pt too wide) in paragraph at lines 21--22
[][][][][][][][][][][][][][][][][][][][][][][][][][][][] 
[34]
Overfull \hbox (100.38544pt too wide) in paragraph at lines 58--59
[][][][][][][][][][][][][][][][][][][][][][][][][][][][][] 

Overfull \hbox (100.38544pt too wide) in paragraph at lines 68--69
[][][][][][][][][][][][][][][][][][][][][][][][][][][][][] 
[35]
Overfull \hbox (778.39233pt too wide) in paragraph at lines 79--80
[][][][][][][][][][][][][][][][][][][][][][][][][][][][][][][][][][][][][][][][
][][][][][][][][][][][][][][][][][][][][][][][][][][] 

Overfull \hbox (334.38782pt too wide) in paragraph at lines 83--84
[][][][][][][][][][][][][][][][][][][][][][][][][][][][][][][][][][][][][][][][
][][][][][][][][][][][][][][][][][][][][][][][][][][][][] 

Overfull \hbox (250.38696pt too wide) in paragraph at lines 88--89
[][][][][][][][][][][][][][][][][][][][][][][][][][][][][][][] 

Overfull \hbox (460.3891pt too wide) in paragraph at lines 92--93
[][][][][][][][][][][][][][][][][][][][][][][][][][][][][][][][][][][][][][][][
][][][][][][][][][][][][][][][][][][][][][][][] 

Overfull \hbox (10.38452pt too wide) in paragraph at lines 95--96
[][][][][][][][][][][][][][][][][][][][][][][] 

Overfull \hbox (100.38544pt too wide) in paragraph at lines 97--98
[][][][][][][][][][][][][][][][][][][][][][][][][][][][][] 

Overfull \hbox (874.39331pt too wide) in paragraph at lines 102--103
[][][][][][][][][][][][][][][][][][][][][][][][][][][][][][][][][][][][][][][][
][][][][][][][][][][][][][][][][][][][][][][][][][][][][][][][][][][][][][][][]
[][][][][][][][][][][][][][][][][][][][][][][][][][][][][][][][][][][][][][][][
][][][][][] 
[36]
Overfull \hbox (34.38477pt too wide) in paragraph at lines 110--111
[][][][][][][][][][][][][][][][][][][][][][][] 

Overfull \hbox (28.3847pt too wide) in paragraph at lines 119--120
[][][][][][][][][][][][][][][][][][][][][][][][][][][] 

Overfull \hbox (70.38513pt too wide) in paragraph at lines 127--128
[][][][][][][][][][][][][][][][][][][][][][][][][][][] 
)) [37] (./reagan-thesis-main.aux)

LaTeX Warning: There were undefined references.


LaTeX Warning: There were multiply-defined labels.

 )
(see the transcript file for additional information){/usr/local/texlive/2013/te
xmf-dist/fonts/enc/dvips/base/8r.enc}</usr/local/texlive/2013/texmf-dist/fonts/
type1/public/amsfonts/cm/cmbx10.pfb></usr/local/texlive/2013/texmf-dist/fonts/t
ype1/public/amsfonts/cm/cmex10.pfb></usr/local/texlive/2013/texmf-dist/fonts/ty
pe1/public/amsfonts/cm/cmmi10.pfb></usr/local/texlive/2013/texmf-dist/fonts/typ
e1/public/amsfonts/cm/cmmi7.pfb></usr/local/texlive/2013/texmf-dist/fonts/type1
/public/amsfonts/cm/cmr10.pfb></usr/local/texlive/2013/texmf-dist/fonts/type1/p
ublic/amsfonts/cm/cmr5.pfb></usr/local/texlive/2013/texmf-dist/fonts/type1/publ
ic/amsfonts/cm/cmr7.pfb></usr/local/texlive/2013/texmf-dist/fonts/type1/public/
amsfonts/cm/cmsy10.pfb></usr/local/texlive/2013/texmf-dist/fonts/type1/public/a
msfonts/cm/cmsy7.pfb></usr/local/texlive/2013/texmf-dist/fonts/type1/urw/courie
r/ucrr8a.pfb></usr/local/texlive/2013/texmf-dist/fonts/type1/urw/times/utmb8a.p
fb></usr/local/texlive/2013/texmf-dist/fonts/type1/urw/times/utmr8a.pfb></usr/l
ocal/texlive/2013/texmf-dist/fonts/type1/urw/times/utmri8a.pfb>
Output written on reagan-thesis-main.pdf (46 pages, 386083 bytes).
Transcript written on reagan-thesis-main.log.
