This is pdfTeX, Version 3.1415926-2.5-1.40.14 (TeX Live 2013) (format=pdflatex 2013.5.30)  7 DEC 2013 16:16
entering extended mode
 restricted \write18 enabled.
 %&-line parsing enabled.
**reagan-thesis-main-combined
(./reagan-thesis-main-combined.tex
LaTeX2e <2011/06/27>
Babel <3.9f> and hyphenation patterns for 78 languages loaded.
(/usr/local/texlive/2013/texmf-dist/tex/latex/base/report.cls
Document Class: report 2007/10/19 v1.4h Standard LaTeX document class
(/usr/local/texlive/2013/texmf-dist/tex/latex/base/size12.clo
File: size12.clo 2007/10/19 v1.4h Standard LaTeX file (size option)
)
\c@part=\count79
\c@chapter=\count80
\c@section=\count81
\c@subsection=\count82
\c@subsubsection=\count83
\c@paragraph=\count84
\c@subparagraph=\count85
\c@figure=\count86
\c@table=\count87
\abovecaptionskip=\skip41
\belowcaptionskip=\skip42
\bibindent=\dimen102
) (./thesis.sty
UVM Thesis Style, Version 0.1
Copyright (c) 2005 David Van Horn
Licensed under the Academic Free License version 2.0
Updated 2013 by Joshua Auerbach
(/usr/local/texlive/2013/texmf-dist/tex/latex/setspace/setspace.sty
Package: setspace 2011/12/19 v6.7a set line spacing
)
(/usr/local/texlive/2013/texmf-dist/tex/latex/chicago/chicago.sty
Using Chicago Manual of Style bibliography: 31 August 1992
\bibhang=\skip43
\bibindent=\dimen103
) (/usr/local/texlive/2013/texmf-dist/tex/latex/fancyhdr/fancyhdr.sty
\fancy@headwidth=\skip44
\f@ncyO@elh=\skip45
\f@ncyO@erh=\skip46
\f@ncyO@olh=\skip47
\f@ncyO@orh=\skip48
\f@ncyO@elf=\skip49
\f@ncyO@erf=\skip50
\f@ncyO@olf=\skip51
\f@ncyO@orf=\skip52
)
(/usr/local/texlive/2013/texmf-dist/tex/generic/oberdiek/ifpdf.sty
Package: ifpdf 2011/01/30 v2.3 Provides the ifpdf switch (HO)
Package ifpdf Info: pdfTeX in PDF mode is detected.
)
(/usr/local/texlive/2013/texmf-dist/tex/latex/psnfss/times.sty
Package: times 2005/04/12 PSNFSS-v9.2a (SPQR) 
))
(/usr/local/texlive/2013/texmf-dist/tex/latex/amsmath/amsmath.sty
Package: amsmath 2013/01/14 v2.14 AMS math features
\@mathmargin=\skip53

For additional information on amsmath, use the `?' option.
(/usr/local/texlive/2013/texmf-dist/tex/latex/amsmath/amstext.sty
Package: amstext 2000/06/29 v2.01

(/usr/local/texlive/2013/texmf-dist/tex/latex/amsmath/amsgen.sty
File: amsgen.sty 1999/11/30 v2.0
\@emptytoks=\toks14
\ex@=\dimen104
))
(/usr/local/texlive/2013/texmf-dist/tex/latex/amsmath/amsbsy.sty
Package: amsbsy 1999/11/29 v1.2d
\pmbraise@=\dimen105
)
(/usr/local/texlive/2013/texmf-dist/tex/latex/amsmath/amsopn.sty
Package: amsopn 1999/12/14 v2.01 operator names
)
\inf@bad=\count88
LaTeX Info: Redefining \frac on input line 210.
\uproot@=\count89
\leftroot@=\count90
LaTeX Info: Redefining \overline on input line 306.
\classnum@=\count91
\DOTSCASE@=\count92
LaTeX Info: Redefining \ldots on input line 378.
LaTeX Info: Redefining \dots on input line 381.
LaTeX Info: Redefining \cdots on input line 466.
\Mathstrutbox@=\box26
\strutbox@=\box27
\big@size=\dimen106
LaTeX Font Info:    Redeclaring font encoding OML on input line 566.
LaTeX Font Info:    Redeclaring font encoding OMS on input line 567.
\macc@depth=\count93
\c@MaxMatrixCols=\count94
\dotsspace@=\muskip10
\c@parentequation=\count95
\dspbrk@lvl=\count96
\tag@help=\toks15
\row@=\count97
\column@=\count98
\maxfields@=\count99
\andhelp@=\toks16
\eqnshift@=\dimen107
\alignsep@=\dimen108
\tagshift@=\dimen109
\tagwidth@=\dimen110
\totwidth@=\dimen111
\lineht@=\dimen112
\@envbody=\toks17
\multlinegap=\skip54
\multlinetaggap=\skip55
\mathdisplay@stack=\toks18
LaTeX Info: Redefining \[ on input line 2665.
LaTeX Info: Redefining \] on input line 2666.
)
(/usr/local/texlive/2013/texmf-dist/tex/latex/url/url.sty
\Urlmuskip=\muskip11
Package: url 2006/04/12  ver 3.3  Verb mode for urls, etc.
)
(/usr/local/texlive/2013/texmf-dist/tex/latex/subfigure/subfigure.sty
Package: subfigure 2002/03/15 v2.1.5 subfigure package
\subfigtopskip=\skip56
\subfigcapskip=\skip57
\subfigcaptopadj=\dimen113
\subfigbottomskip=\skip58
\subfigcapmargin=\dimen114
\subfiglabelskip=\skip59
\c@subfigure=\count100
\c@lofdepth=\count101
\c@subtable=\count102
\c@lotdepth=\count103

****************************************
* Local config file subfigure.cfg used *
****************************************
(/usr/local/texlive/2013/texmf-dist/tex/latex/subfigure/subfigure.cfg)
\subfig@top=\skip60
\subfig@bottom=\skip61
)
(/usr/local/texlive/2013/texmf-dist/tex/latex/graphics/graphicx.sty
Package: graphicx 1999/02/16 v1.0f Enhanced LaTeX Graphics (DPC,SPQR)

(/usr/local/texlive/2013/texmf-dist/tex/latex/graphics/keyval.sty
Package: keyval 1999/03/16 v1.13 key=value parser (DPC)
\KV@toks@=\toks19
)
(/usr/local/texlive/2013/texmf-dist/tex/latex/graphics/graphics.sty
Package: graphics 2009/02/05 v1.0o Standard LaTeX Graphics (DPC,SPQR)

(/usr/local/texlive/2013/texmf-dist/tex/latex/graphics/trig.sty
Package: trig 1999/03/16 v1.09 sin cos tan (DPC)
)
(/usr/local/texlive/2013/texmf-dist/tex/latex/latexconfig/graphics.cfg
File: graphics.cfg 2010/04/23 v1.9 graphics configuration of TeX Live
)
Package graphics Info: Driver file: pdftex.def on input line 91.

(/usr/local/texlive/2013/texmf-dist/tex/latex/pdftex-def/pdftex.def
File: pdftex.def 2011/05/27 v0.06d Graphics/color for pdfTeX

(/usr/local/texlive/2013/texmf-dist/tex/generic/oberdiek/infwarerr.sty
Package: infwarerr 2010/04/08 v1.3 Providing info/warning/error messages (HO)
)
(/usr/local/texlive/2013/texmf-dist/tex/generic/oberdiek/ltxcmds.sty
Package: ltxcmds 2011/11/09 v1.22 LaTeX kernel commands for general use (HO)
)
\Gread@gobject=\count104
))
\Gin@req@height=\dimen115
\Gin@req@width=\dimen116
)
(/usr/local/texlive/2013/texmf-dist/tex/latex/multirow/multirow.sty
\bigstrutjot=\dimen117
)
(/usr/local/texlive/2013/texmf-dist/tex/latex/cite/chapterbib.sty
\c@inputfile=\count105
Package: chapterbib 2010/09/18  v 1.17
)
(/usr/local/texlive/2013/texmf-dist/tex/latex/amsfonts/amssymb.sty
Package: amssymb 2013/01/14 v3.01 AMS font symbols

(/usr/local/texlive/2013/texmf-dist/tex/latex/amsfonts/amsfonts.sty
Package: amsfonts 2013/01/14 v3.01 Basic AMSFonts support
\symAMSa=\mathgroup4
\symAMSb=\mathgroup5
LaTeX Font Info:    Overwriting math alphabet `\mathfrak' in version `bold'
(Font)                  U/euf/m/n --> U/euf/b/n on input line 106.
))
(/usr/local/texlive/2013/texmf-dist/tex/latex/appendix/appendix.sty
Package: appendix 2009/09/02 v1.2b extra appendix facilities
\c@@pps=\count106
\c@@ppsavesec=\count107
\c@@ppsaveapp=\count108
)
(/usr/local/texlive/2013/texmf-dist/tex/latex/titlesec/titlesec.sty
Package: titlesec 2011/12/15 v2.10.0 Sectioning titles
\ttl@box=\box28
\beforetitleunit=\skip62
\aftertitleunit=\skip63
\ttl@plus=\dimen118
\ttl@minus=\dimen119
\ttl@toksa=\toks20
\titlewidth=\dimen120
\titlewidthlast=\dimen121
\titlewidthfirst=\dimen122
)
(/usr/local/texlive/2013/texmf-dist/tex/latex/listings/listings.sty
\lst@mode=\count109
\lst@gtempboxa=\box29
\lst@token=\toks21
\lst@length=\count110
\lst@currlwidth=\dimen123
\lst@column=\count111
\lst@pos=\count112
\lst@lostspace=\dimen124
\lst@width=\dimen125
\lst@newlines=\count113
\lst@lineno=\count114
\lst@maxwidth=\dimen126

(/usr/local/texlive/2013/texmf-dist/tex/latex/listings/lstmisc.sty
File: lstmisc.sty 2007/02/22 1.4 (Carsten Heinz)
\c@lstnumber=\count115
\lst@skipnumbers=\count116
\lst@framebox=\box30
)
(/usr/local/texlive/2013/texmf-dist/tex/latex/listings/listings.cfg
File: listings.cfg 2007/02/22 1.4 listings configuration
))
Package: listings 2007/02/22 1.4 (Carsten Heinz)

(/usr/local/texlive/2013/texmf-dist/tex/latex/graphics/color.sty
Package: color 2005/11/14 v1.0j Standard LaTeX Color (DPC)

(/usr/local/texlive/2013/texmf-dist/tex/latex/latexconfig/color.cfg
File: color.cfg 2007/01/18 v1.5 color configuration of teTeX/TeXLive
)
Package color Info: Driver file: pdftex.def on input line 130.
)
(/usr/local/texlive/2013/texmf-dist/tex/latex/cite/cite.sty
LaTeX Info: Redefining \cite on input line 302.
LaTeX Info: Redefining \nocite on input line 373.
Package: cite 2010/09/10  v 5.3
)
(/usr/local/texlive/2013/texmf-dist/tex/latex/tools/tabularx.sty
Package: tabularx 1999/01/07 v2.07 `tabularx' package (DPC)

(/usr/local/texlive/2013/texmf-dist/tex/latex/tools/array.sty
Package: array 2008/09/09 v2.4c Tabular extension package (FMi)
\col@sep=\dimen127
\extrarowheight=\dimen128
\NC@list=\toks22
\extratabsurround=\skip64
\backup@length=\skip65
)
\TX@col@width=\dimen129
\TX@old@table=\dimen130
\TX@old@col=\dimen131
\TX@target=\dimen132
\TX@delta=\dimen133
\TX@cols=\count117
\TX@ftn=\toks23
)
(/usr/local/texlive/2013/texmf-dist/tex/latex/cancel/cancel.sty
Package: cancel 2000/03/12 v2.1 Cancel math terms
)
(/usr/local/texlive/2013/texmf-dist/tex/latex/titlesec/titletoc.sty
Package: titletoc 2011/12/15 v1.6 TOC entries
\ttl@leftsep=\dimen134
)
(/usr/local/texlive/2013/texmf-dist/tex/latex/currfile/currfile.sty
Package: currfile 2013/02/01 v0.7b Provides the file path elements of the curre
nt input file

(/usr/local/texlive/2013/texmf-dist/tex/latex/oberdiek/kvoptions.sty
Package: kvoptions 2011/06/30 v3.11 Key value format for package options (HO)

(/usr/local/texlive/2013/texmf-dist/tex/generic/oberdiek/kvsetkeys.sty
Package: kvsetkeys 2012/04/25 v1.16 Key value parser (HO)

(/usr/local/texlive/2013/texmf-dist/tex/generic/oberdiek/etexcmds.sty
Package: etexcmds 2011/02/16 v1.5 Avoid name clashes with e-TeX commands (HO)

(/usr/local/texlive/2013/texmf-dist/tex/generic/oberdiek/ifluatex.sty
Package: ifluatex 2010/03/01 v1.3 Provides the ifluatex switch (HO)
Package ifluatex Info: LuaTeX not detected.
)
Package etexcmds Info: Could not find \expanded.
(etexcmds)             That can mean that you are not using pdfTeX 1.50 or
(etexcmds)             that some package has redefined \expanded.
(etexcmds)             In the latter case, load this package earlier.
)))
(/usr/local/texlive/2013/texmf-dist/tex/latex/filehook/filehook.sty
Package: filehook 2011/10/12 v0.5d Hooks for input files
)
\c@currfiledepth=\count118
)
(./reagan-thesis-main-combined.aux

LaTeX Warning: Label `fig:thermosyphons' multiply defined.


LaTeX Warning: Label `fig:chrisLoop' multiply defined.


LaTeX Warning: Label `eq:NScontIco' multiply defined.


LaTeX Warning: Label `eq:energy6' multiply defined.

)
\openout1 = `reagan-thesis-main-combined.aux'.

LaTeX Font Info:    Checking defaults for OML/cmm/m/it on input line 50.
LaTeX Font Info:    ... okay on input line 50.
LaTeX Font Info:    Checking defaults for T1/cmr/m/n on input line 50.
LaTeX Font Info:    ... okay on input line 50.
LaTeX Font Info:    Checking defaults for OT1/cmr/m/n on input line 50.
LaTeX Font Info:    ... okay on input line 50.
LaTeX Font Info:    Checking defaults for OMS/cmsy/m/n on input line 50.
LaTeX Font Info:    ... okay on input line 50.
LaTeX Font Info:    Checking defaults for OMX/cmex/m/n on input line 50.
LaTeX Font Info:    ... okay on input line 50.
LaTeX Font Info:    Checking defaults for U/cmr/m/n on input line 50.
LaTeX Font Info:    ... okay on input line 50.
LaTeX Font Info:    Try loading font information for OT1+ptm on input line 50.
 (/usr/local/texlive/2013/texmf-dist/tex/latex/psnfss/ot1ptm.fd
File: ot1ptm.fd 2001/06/04 font definitions for OT1/ptm.
)
(/usr/local/texlive/2013/texmf-dist/tex/context/base/supp-pdf.mkii
[Loading MPS to PDF converter (version 2006.09.02).]
\scratchcounter=\count119
\scratchdimen=\dimen135
\scratchbox=\box31
\nofMPsegments=\count120
\nofMParguments=\count121
\everyMPshowfont=\toks24
\MPscratchCnt=\count122
\MPscratchDim=\dimen136
\MPnumerator=\count123
\makeMPintoPDFobject=\count124
\everyMPtoPDFconversion=\toks25
) (/usr/local/texlive/2013/texmf-dist/tex/generic/oberdiek/pdftexcmds.sty
Package: pdftexcmds 2011/11/29 v0.20 Utility functions of pdfTeX for LuaTeX (HO
)
Package pdftexcmds Info: LuaTeX not detected.
Package pdftexcmds Info: \pdf@primitive is available.
Package pdftexcmds Info: \pdf@ifprimitive is available.
Package pdftexcmds Info: \pdfdraftmode found.
)
(/usr/local/texlive/2013/texmf-dist/tex/latex/oberdiek/epstopdf-base.sty
Package: epstopdf-base 2010/02/09 v2.5 Base part for package epstopdf

(/usr/local/texlive/2013/texmf-dist/tex/latex/oberdiek/grfext.sty
Package: grfext 2010/08/19 v1.1 Manage graphics extensions (HO)

(/usr/local/texlive/2013/texmf-dist/tex/generic/oberdiek/kvdefinekeys.sty
Package: kvdefinekeys 2011/04/07 v1.3 Define keys (HO)
))
Package grfext Info: Graphics extension search list:
(grfext)             [.png,.pdf,.jpg,.mps,.jpeg,.jbig2,.jb2,.PNG,.PDF,.JPG,.JPE
G,.JBIG2,.JB2,.eps]
(grfext)             \AppendGraphicsExtensions on input line 452.

(/usr/local/texlive/2013/texmf-dist/tex/latex/latexconfig/epstopdf-sys.cfg
File: epstopdf-sys.cfg 2010/07/13 v1.3 Configuration of (r)epstopdf for TeX Liv
e
))
\c@lstlisting=\count125

[1

{/usr/local/texlive/2013/texmf-var/fonts/map/pdftex/updmap/pdftex.map}]
LaTeX Font Info:    Try loading font information for U+msa on input line 60.

(/usr/local/texlive/2013/texmf-dist/tex/latex/amsfonts/umsa.fd
File: umsa.fd 2013/01/14 v3.01 AMS symbols A
)
LaTeX Font Info:    Try loading font information for U+msb on input line 60.

(/usr/local/texlive/2013/texmf-dist/tex/latex/amsfonts/umsb.fd
File: umsb.fd 2013/01/14 v3.01 AMS symbols B
) [2]
LaTeX Font Info:    Font shape `OT1/ptm/bx/n' in size <17.28> not available
(Font)              Font shape `OT1/ptm/b/n' tried instead on input line 62.
 [1]
[2] [3] (./reagan-thesis-main-combined.toc
LaTeX Font Info:    Font shape `OT1/ptm/bx/n' in size <12> not available
(Font)              Font shape `OT1/ptm/b/n' tried instead on input line 3.
 [4])
\tf@toc=\write3
\openout3 = `reagan-thesis-main-combined.toc'.

 [5]
(./reagan-thesis-main-combined.lof
Overfull \hbox (6.84839pt too wide) in paragraph at lines 19--19
 [][] []\OT1/ptm/m/n/12 A time se-ries of the phys-i-cal ther-mosyphon, from th
e Un-der-grad-u-ate Honor's 
 []

[6])
\tf@lof=\write4
\openout4 = `reagan-thesis-main-combined.lof'.

 [7] (./reagan-thesis-main-combined.lot)
\tf@lot=\write5
\openout5 = `reagan-thesis-main-combined.lot'.

 [8]
Chapter 1.
LaTeX Font Info:    Font shape `OT1/ptm/bx/n' in size <24.88> not available
(Font)              Font shape `OT1/ptm/b/n' tried instead on input line 96.
[1

]

Package Fancyhdr Warning: \headheight is too small (12.0pt): 
 Make it at least 14.49998pt.
 We now make it that large for the rest of the document.
 This may cause the page layout to be inconsistent, however.

[2] [3] [4] [5] [6] [7]
<fig01_Energy-Balance-Model-Schematic.pdf, id=64, 588.1975pt x 249.93375pt>
File: fig01_Energy-Balance-Model-Schematic.pdf Graphic file (type pdf)

<use fig01_Energy-Balance-Model-Schematic.pdf>
Package pdftex.def Info: fig01_Energy-Balance-Model-Schematic.pdf used on input
 line 220.
(pdftex.def)             Requested size: 212.47617pt x 90.28499pt.
 [8]
<fig02_Earth-System-Model-Schematic.pdf, id=69, 509.905pt x 448.67625pt>
File: fig02_Earth-System-Model-Schematic.pdf Graphic file (type pdf)

<use fig02_Earth-System-Model-Schematic.pdf>
Package pdftex.def Info: fig02_Earth-System-Model-Schematic.pdf used on input l
ine 248.
(pdftex.def)             Requested size: 212.47617pt x 186.96394pt.
 [9 <./fig01_Energy-Balance-Model-Schematic.pdf>] [10 <./fig02_Earth-System-Mod
el-Schematic.pdf>] [11]
Chapter 2.

<fig03_attractor-colored-by-innovation-prevPos3.pdf, id=88, 483.72722pt x 416.7
5702pt>
File: fig03_attractor-colored-by-innovation-prevPos3.pdf Graphic file (type pdf
)
 <use fig03_attractor-colored-by-innovation-prevPos3.pdf>
Package pdftex.def Info: fig03_attractor-colored-by-innovation-prevPos3.pdf use
d on input line 306.
(pdftex.def)             Requested size: 212.47617pt x 183.06204pt.
LaTeX Font Info:    Try loading font information for OT1+pcr on input line 311.


(/usr/local/texlive/2013/texmf-dist/tex/latex/psnfss/ot1pcr.fd
File: ot1pcr.fd 2001/06/04 font definitions for OT1/pcr.
)

LaTeX Warning: `!h' float specifier changed to `!ht'.

[12

] [13 <./fig03_attractor-colored-by-innovation-prevPos3.pdf>] [14]
<fig04_DA-example03-labels.pdf, id=106, 578.16pt x 433.62pt>
File: fig04_DA-example03-labels.pdf Graphic file (type pdf)

<use fig04_DA-example03-labels.pdf>
Package pdftex.def Info: fig04_DA-example03-labels.pdf used on input line 363.
(pdftex.def)             Requested size: 325.215pt x 243.91064pt.
 [15] [16 <./fig04_DA-example03-labels.pdf>] [17] [18] [19] [20] [21] [22] [23]
 [24]
LaTeX Font Info:    Font shape `OT1/ptm/bx/n' in size <14.4> not available
(Font)              Font shape `OT1/ptm/b/n' tried instead on input line 520.
 [25]
<fig05_TLM-explanation.pdf, id=174, 687.56876pt x 343.2825pt>
File: fig05_TLM-explanation.pdf Graphic file (type pdf)

<use fig05_TLM-explanation.pdf>
Package pdftex.def Info: fig05_TLM-explanation.pdf used on input line 536.
(pdftex.def)             Requested size: 385.92152pt x 192.67688pt.
 [26 <./fig05_TLM-explanation.pdf>]
<fig06_TLM-verification003_noname.pdf, id=190, 472.76625pt x 467.7475pt>
File: fig06_TLM-verification003_noname.pdf Graphic file (type pdf)

<use fig06_TLM-verification003_noname.pdf>
Package pdftex.def Info: fig06_TLM-verification003_noname.pdf used on input lin
e 555.
(pdftex.def)             Requested size: 342.55688pt x 338.92624pt.
 [27 <./fig06_TLM-verification003_noname.pdf>] <fig07_EnKF-histogram-analysis.p
df, id=211, 501.875pt x 412.54124pt>
File: fig07_EnKF-histogram-analysis.pdf Graphic file (type pdf)

<use fig07_EnKF-histogram-analysis.pdf>
Package pdftex.def Info: fig07_EnKF-histogram-analysis.pdf used on input line 5
82.
(pdftex.def)             Requested size: 342.55688pt x 281.59445pt.


LaTeX Warning: `!h' float specifier changed to `!ht'.

[28] [29 <./fig07_EnKF-histogram-analysis.pdf>]
<fig08_EnKF_spaghetti.pdf, id=224, 515.94037pt x 395.85973pt>
File: fig08_EnKF_spaghetti.pdf Graphic file (type pdf)

<use fig08_EnKF_spaghetti.pdf>
Package pdftex.def Info: fig08_EnKF_spaghetti.pdf used on input line 602.
(pdftex.def)             Requested size: 429.28616pt x 329.37288pt.
 [30 <./fig08_EnKF_spaghetti.pdf>] [31] [32]
[33] [34] <fig09_ott2004algorithmPic2.pdf, id=260, 1143.27126pt x 794.97pt>
File: fig09_ott2004algorithmPic2.pdf Graphic file (type pdf)

<use fig09_ott2004algorithmPic2.pdf>
Package pdftex.def Info: fig09_ott2004algorithmPic2.pdf used on input line 691.

(pdftex.def)             Requested size: 342.55688pt x 238.18958pt.
 [35 <./fig09_ott2004algorithmPic2.pdf>]
[36] [37] [38] [39] [40]
<fig10_DA_test_noname010.pdf, id=284, 498.86375pt x 438.63875pt>
File: fig10_DA_test_noname010.pdf Graphic file (type pdf)

<use fig10_DA_test_noname010.pdf>
Package pdftex.def Info: fig10_DA_test_noname010.pdf used on input line 805.
(pdftex.def)             Requested size: 342.55688pt x 301.20865pt.


LaTeX Warning: `!h' float specifier changed to `!ht'.

<fig11_window_experiment_plot002.pdf, id=285, 465.74pt x 392.46625pt>
File: fig11_window_experiment_plot002.pdf Graphic file (type pdf)

<use fig11_window_experiment_plot002.pdf>
Package pdftex.def Info: fig11_window_experiment_plot002.pdf used on input line
 822.
(pdftex.def)             Requested size: 342.55688pt x 288.6718pt.
 [41]

LaTeX Warning: `!h' float specifier changed to `!ht'.

[42 <./fig10_DA_test_noname010.pdf>] [43 <./fig11_window_experiment_plot002.pdf
>] <fig12_ETKF_390s_infl_error.pdf, id=319, 495.8525pt x 394.47375pt>
File: fig12_ETKF_390s_infl_error.pdf Graphic file (type pdf)

<use fig12_ETKF_390s_infl_error.pdf>
Package pdftex.def Info: fig12_ETKF_390s_infl_error.pdf used on input line 845.

(pdftex.def)             Requested size: 342.55688pt x 272.51823pt.


LaTeX Warning: `!h' float specifier changed to `!ht'.

[44] [45 <./fig12_ETKF_390s_infl_error.pdf>]
Chapter 3.
[46

] <fig13_many-thermosyphons.pdf, id=348, 801.99625pt x 801.99625pt>
File: fig13_many-thermosyphons.pdf Graphic file (type pdf)

<use fig13_many-thermosyphons.pdf>
Package pdftex.def Info: fig13_many-thermosyphons.pdf used on input line 875.
(pdftex.def)             Requested size: 385.92152pt x 385.93282pt.

<fig14_fairbanks-thermosyphon.pdf, id=349, 555.07375pt x 370.38374pt>
File: fig14_fairbanks-thermosyphon.pdf Graphic file (type pdf)

<use fig14_fairbanks-thermosyphon.pdf>
Package pdftex.def Info: fig14_fairbanks-thermosyphon.pdf used on input line 88
6.
(pdftex.def)             Requested size: 342.55688pt x 228.57869pt.

<fig15_harris-tellus-2012-loop.pdf, id=350, 558.83395pt x 562.03494pt>
File: fig15_harris-tellus-2012-loop.pdf Graphic file (type pdf)

<use fig15_harris-tellus-2012-loop.pdf>
Package pdftex.def Info: fig15_harris-tellus-2012-loop.pdf used on input line 8
99.
(pdftex.def)             Requested size: 342.55688pt x 344.53027pt.
 [47 <./fig13_many-thermosyphons.pdf>]
[48 <./fig14_fairbanks-thermosyphon.pdf>] [49 <./fig15_harris-tellus-2012-loop.
pdf>] <fig16_221TimeSeries.pdf, id=436, 422.40712pt x 334.70125pt>
File: fig16_221TimeSeries.pdf Graphic file (type pdf)

<use fig16_221TimeSeries.pdf>
Package pdftex.def Info: fig16_221TimeSeries.pdf used on input line 927.
(pdftex.def)             Requested size: 411.93767pt x 326.42688pt.

<fig17_convectionLoopYoutubeScreenShot3.pdf, id=437, 1262.54681pt x 636.28915pt
>
File: fig17_convectionLoopYoutubeScreenShot3.pdf Graphic file (type pdf)
 <use fig17_convectionLoopYoutubeScreenShot3.pdf>
Package pdftex.def Info: fig17_convectionLoopYoutubeScreenShot3.pdf used on inp
ut line 938.
(pdftex.def)             Requested size: 342.55688pt x 172.63533pt.


LaTeX Warning: `!h' float specifier changed to `!ht'.

[50 <./fig16_221TimeSeries.pdf>] [51 <./fig17_convectionLoopYoutubeScreenShot3.
pdf>] [52] <fig18_heating_zoom_mesh4.pdf, id=469, 750.805pt x 551.05875pt>
File: fig18_heating_zoom_mesh4.pdf Graphic file (type pdf)

<use fig18_heating_zoom_mesh4.pdf>
Package pdftex.def Info: fig18_heating_zoom_mesh4.pdf used on input line 998.
(pdftex.def)             Requested size: 342.55688pt x 251.4216pt.
 [53]
<fig19_3D-mesh2.pdf, id=473, 789.95125pt x 558.085pt>
File: fig19_3D-mesh2.pdf Graphic file (type pdf)
 <use fig19_3D-mesh2.pdf>
Package pdftex.def Info: fig19_3D-mesh2.pdf used on input line 1017.
(pdftex.def)             Requested size: 342.55688pt x 242.00713pt.

[54 <./fig18_heating_zoom_mesh4.pdf>]
<fig20_adjacency36000bool01.pdf, id=482, 500.99675pt x 502.05466pt>
File: fig20_adjacency36000bool01.pdf Graphic file (type pdf)

<use fig20_adjacency36000bool01.pdf>
Package pdftex.def Info: fig20_adjacency36000bool01.pdf used on input line 1028
.
(pdftex.def)             Requested size: 342.55688pt x 343.2925pt.

<fig21_adjacency36000bool02.pdf, id=483, 601.28638pt x 602.25pt>
File: fig21_adjacency36000bool02.pdf Graphic file (type pdf)

<use fig21_adjacency36000bool02.pdf>
Package pdftex.def Info: fig21_adjacency36000bool02.pdf used on input line 1040
.
(pdftex.def)             Requested size: 342.55688pt x 343.10226pt.


LaTeX Warning: `!h' float specifier changed to `!ht'.

[55 <./fig19_3D-mesh2.pdf>] [56 <./fig20_adjacency36000bool01.pdf>] [57 <./fig2
1_adjacency36000bool02.pdf>] [58] [59]
<fig22_heating003.pdf, id=525, 615.29875pt x 414.54875pt>
File: fig22_heating003.pdf Graphic file (type pdf)

<use fig22_heating003.pdf>
Package pdftex.def Info: fig22_heating003.pdf used on input line 1154.
(pdftex.def)             Requested size: 411.93767pt x 277.5438pt.
 [60 <./fig22_heating003.pdf>]
Chapter 4.
<fig23_foamLab_slides001.pdf, id=533, 519.05258pt x 258.09596pt>
File: fig23_foamLab_slides001.pdf Graphic file (type pdf)

<use fig23_foamLab_slides001.pdf>
Package pdftex.def Info: fig23_foamLab_slides001.pdf used on input line 1207.
(pdftex.def)             Requested size: 342.55688pt x 170.3399pt.
 [61

]
<fig24_Flux-end-20-times.pdf, id=537, 482.06361pt x 371.03983pt>
File: fig24_Flux-end-20-times.pdf Graphic file (type pdf)

<use fig24_Flux-end-20-times.pdf>
Package pdftex.def Info: fig24_Flux-end-20-times.pdf used on input line 1227.
(pdftex.def)             Requested size: 342.55688pt x 263.6779pt.
 [62 <./fig23_foamLab_slides001.pdf>] [63 <./fig24_Flux-end-20-times.pdf>]
<fig25_foamLab_slides002.pdf, id=604, 489.0928pt x 154.46237pt>
File: fig25_foamLab_slides002.pdf Graphic file (type pdf)

<use fig25_foamLab_slides002.pdf>
Package pdftex.def Info: fig25_foamLab_slides002.pdf used on input line 1250.
(pdftex.def)             Requested size: 342.55688pt x 108.1889pt.

<fig26_foamLab_slides003.pdf, id=605, 490.89311pt x 157.34856pt>
File: fig26_foamLab_slides003.pdf Graphic file (type pdf)

<use fig26_foamLab_slides003.pdf>
Package pdftex.def Info: fig26_foamLab_slides003.pdf used on input line 1261.
(pdftex.def)             Requested size: 342.55688pt x 109.80469pt.


LaTeX Warning: `!h' float specifier changed to `!ht'.

[64 <./fig25_foamLab_slides002.pdf>] [65 <./fig26_foamLab_slides003.pdf>]
<fig27_results_vs_N_32_w10_labels.pdf, id=665, 485.22098pt x 365.51913pt>
File: fig27_results_vs_N_32_w10_labels.pdf Graphic file (type pdf)

<use fig27_results_vs_N_32_w10_labels.pdf>
Package pdftex.def Info: fig27_results_vs_N_32_w10_labels.pdf used on input lin
e 1310.
(pdftex.def)             Requested size: 342.55688pt x 258.04797pt.
 [66]
<fig28_results_vs_N_40000_w10_labels.pdf, id=669, 487.7957pt x 374.92957pt>
File: fig28_results_vs_N_40000_w10_labels.pdf Graphic file (type pdf)

<use fig28_results_vs_N_40000_w10_labels.pdf>
Package pdftex.def Info: fig28_results_vs_N_40000_w10_labels.pdf used on input 
line 1324.
(pdftex.def)             Requested size: 342.55688pt x 263.30133pt.


LaTeX Warning: `!h' float specifier changed to `!ht'.

[67 <./fig27_results_vs_N_32_w10_labels.pdf>]
<fig29_errorAll005.pdf, id=690, 682.55pt x 504.88625pt>
File: fig29_errorAll005.pdf Graphic file (type pdf)

<use fig29_errorAll005.pdf>
Package pdftex.def Info: fig29_errorAll005.pdf used on input line 1341.
(pdftex.def)             Requested size: 342.55688pt x 253.39008pt.


LaTeX Warning: `!h' float specifier changed to `!ht'.

[68 <./fig28_results_vs_N_40000_w10_labels.pdf>] [69 <./fig29_errorAll005.pdf>]
<fig30_foamLab_slides004.pdf, id=731, 463.95174pt x 153.10458pt>
File: fig30_foamLab_slides004.pdf Graphic file (type pdf)

<use fig30_foamLab_slides004.pdf>
Package pdftex.def Info: fig30_foamLab_slides004.pdf used on input line 1372.
(pdftex.def)             Requested size: 342.55688pt x 113.04564pt.
 [70 <./fig30_foamLab_slides004.pdf>] [71]
[72]
Underfull \hbox (badness 1152) in paragraph at lines 1509--1513
[]\OT1/ptm/m/n/12 Danforth, C. M. (2009, March). 2013. $\OT1/pcr/m/n/12 http : 
/ / mpe2013 . org / 2013 / 03 / 17 /
 []


Underfull \hbox (badness 10000) in paragraph at lines 1564--1567
[]\OT1/ptm/m/n/12 Gardiner, L. (2007, July). What is a cli-mate model? $\OT1/pc
r/m/n/12 http : / / www .
 []

[73]
Missing character: There is no â in font ptmr7t!
Missing character: There is no € in font ptmr7t!
Missing character: There is no ” in font ptmr7t!
 [74]
Missing character: There is no â in font ptmri7t!
Missing character: There is no € in font ptmri7t!
Missing character: There is no ™ in font ptmri7t!
Missing character: There is no â in font ptmri7t!
Missing character: There is no € in font ptmri7t!
Missing character: There is no ™ in font ptmri7t!
 [75]
Underfull \hbox (badness 2221) in paragraph at lines 1797--1801
[]\OT1/ptm/m/n/12 Talagrand, O. (1997). As-sim-i-la-tion of ob-ser-va-tions, an
 in-tro-duc-tion. \OT1/ptm/m/it/12 JOURNAL-
 []

Missing character: There is no â in font ptmr7t!
Missing character: There is no € in font ptmr7t!
Missing character: There is no “ in font ptmr7t!
[76]
Appendix A.

LaTeX Warning: `!h' float specifier changed to `!ht'.


LaTeX Warning: `!h' float specifier changed to `!ht'.


LaTeX Warning: `!h' float specifier changed to `!ht'.


LaTeX Warning: `!h' float specifier changed to `!ht'.


LaTeX Warning: `h' float specifier changed to `ht'.

[77

] [78] [79] [80] [81]
Appendix B.

Underfull \hbox (badness 5077) in paragraph at lines 2046--2046
 |[]\OT1/ptm/b/n/24.88 Derivation of Ehrhard-
 []

[82

] [83] [84] [85] [86]
Appendix C.
[87

] [88] [89] [90] [91] [92] [93] [94] [95]
LaTeX Font Info:    Try loading font information for OMS+ptm on input line 2283
.

(/usr/local/texlive/2013/texmf-dist/tex/latex/psnfss/omsptm.fd
File: omsptm.fd 
)
LaTeX Font Info:    Font shape `OMS/ptm/m/n' in size <12> not available
(Font)              Font shape `OMS/cmsy/m/n' tried instead on input line 2283.


(/usr/local/texlive/2013/texmf-dist/tex/latex/listings/lstlang1.sty
File: lstlang1.sty 2004/09/05 1.3 listings language file
)
(/usr/local/texlive/2013/texmf-dist/tex/latex/listings/lstlang1.sty
File: lstlang1.sty 2004/09/05 1.3 listings language file
)
(/usr/local/texlive/2013/texmf-dist/tex/latex/listings/lstmisc.sty
File: lstmisc.sty 2007/02/22 1.4 (Carsten Heinz)
) [96]
(./code/buoyantBoussinesqPimpleFoam/buoyantBoussinesqPimpleFoam-edited.C)
(./code/buoyantBoussinesqPimpleFoam/buoyantBoussinesqPimpleFoam-edited.C)
(./code/buoyantBoussinesqPimpleFoam/buoyantBoussinesqPimpleFoam-edited.C
[97]) (./code/buoyantBoussinesqPimpleFoam/UEqn.H)
(./code/buoyantBoussinesqPimpleFoam/TEqn.H [98])
(./code/buoyantBoussinesqPimpleFoam/pEqn.H) [99] [100]
Appendix D.
(/usr/local/texlive/2013/texmf-dist/tex/latex/listings/lstlang1.sty
File: lstlang1.sty 2004/09/05 1.3 listings language file
)
(./code/modelDAinterface.m [101

] [102] [103] [104]) (./code/ETKF.m [105])
(./code/OpenFOAM-full.m [106] [107] [108]) [109]
(./reagan-thesis-main-combined.aux)

LaTeX Warning: There were multiply-defined labels.

 ) 
Here is how much of TeX's memory you used:
 6540 strings out of 493315
 92677 string characters out of 6137904
 466669 words of memory out of 5000000
 9784 multiletter control sequences out of 15000+600000
 26431 words of font info for 60 fonts, out of 8000000 for 9000
 957 hyphenation exceptions out of 8191
 39i,19n,60p,472b,2196s stack positions out of 5000i,500n,10000p,200000b,80000s
{/usr/local/texlive/2013/texmf-dist/fonts/enc/dvips/base/8r.enc}</usr/local/t
exlive/2013/texmf-dist/fonts/type1/public/amsfonts/cm/cmbx12.pfb></usr/local/te
xlive/2013/texmf-dist/fonts/type1/public/amsfonts/cm/cmex10.pfb></usr/local/tex
live/2013/texmf-dist/fonts/type1/public/amsfonts/cm/cmmi10.pfb></usr/local/texl
ive/2013/texmf-dist/fonts/type1/public/amsfonts/cm/cmmi12.pfb></usr/local/texli
ve/2013/texmf-dist/fonts/type1/public/amsfonts/cm/cmmi6.pfb></usr/local/texlive
/2013/texmf-dist/fonts/type1/public/amsfonts/cm/cmmi7.pfb></usr/local/texlive/2
013/texmf-dist/fonts/type1/public/amsfonts/cm/cmmi8.pfb></usr/local/texlive/201
3/texmf-dist/fonts/type1/public/amsfonts/cm/cmr12.pfb></usr/local/texlive/2013/
texmf-dist/fonts/type1/public/amsfonts/cm/cmr17.pfb></usr/local/texlive/2013/te
xmf-dist/fonts/type1/public/amsfonts/cm/cmr6.pfb></usr/local/texlive/2013/texmf
-dist/fonts/type1/public/amsfonts/cm/cmr8.pfb></usr/local/texlive/2013/texmf-di
st/fonts/type1/public/amsfonts/cm/cmsy10.pfb></usr/local/texlive/2013/texmf-dis
t/fonts/type1/public/amsfonts/cm/cmsy6.pfb></usr/local/texlive/2013/texmf-dist/
fonts/type1/public/amsfonts/cm/cmsy8.pfb></usr/local/texlive/2013/texmf-dist/fo
nts/type1/public/amsfonts/latxfont/line10.pfb></usr/local/texlive/2013/texmf-di
st/fonts/type1/urw/courier/ucrr8a.pfb></usr/local/texlive/2013/texmf-dist/fonts
/type1/urw/helvetic/uhvr8a.pfb></usr/local/texlive/2013/texmf-dist/fonts/type1/
urw/times/utmb8a.pfb></usr/local/texlive/2013/texmf-dist/fonts/type1/urw/times/
utmr8a.pfb></usr/local/texlive/2013/texmf-dist/fonts/type1/urw/times/utmri8a.pf
b>
Output written on reagan-thesis-main-combined.pdf (119 pages, 3323958 bytes).
PDF statistics:
 942 PDF objects out of 1000 (max. 8388607)
 675 compressed objects within 7 object streams
 0 named destinations out of 1000 (max. 500000)
 151 words of extra memory for PDF output out of 10000 (max. 10000000)

